guiduchoix24.com:443 18.195.143.79 - - [31/Mar/2021:06:02:04 +0200] "GET / HTTP/1.0" 200 43615 "-" "Mozilla/5.0 (Windows NT 10.0; Win64; x64) AppleWebKit/537.36 (KHTML, like Gecko) Chrome/88.0.4240.193 Safari/537.36"
guiduchoix24.com:443 18.195.143.79 - - [31/Mar/2021:06:02:05 +0200] "GET //wp-includes/wlwmanifest.xml HTTP/1.0" 404 1552 "-" "Mozilla/5.0 (Windows NT 10.0; Win64; x64) AppleWebKit/537.36 (KHTML, like Gecko) Chrome/88.0.4240.193 Safari/537.36"
guiduchoix24.com:443 18.195.143.79 - - [31/Mar/2021:06:02:05 +0200] "GET //xmlrpc.php?rsd HTTP/1.0" 404 1552 "-" "Mozilla/5.0 (Windows NT 10.0; Win64; x64) AppleWebKit/537.36 (KHTML, like Gecko) Chrome/88.0.4240.193 Safari/537.36"
guiduchoix24.com:443 18.195.143.79 - - [31/Mar/2021:06:02:05 +0200] "GET / HTTP/1.0" 200 43487 "-" "Mozilla/5.0 (Windows NT 10.0; Win64; x64) AppleWebKit/537.36 (KHTML, like Gecko) Chrome/88.0.4240.193 Safari/537.36"
guiduchoix24.com:443 18.195.143.79 - - [31/Mar/2021:06:02:05 +0200] "GET //blog/wp-includes/wlwmanifest.xml HTTP/1.0" 404 1552 "-" "Mozilla/5.0 (Windows NT 10.0; Win64; x64) AppleWebKit/537.36 (KHTML, like Gecko) Chrome/88.0.4240.193 Safari/537.36"
guiduchoix24.com:443 18.195.143.79 - - [31/Mar/2021:06:02:05 +0200] "GET //web/wp-includes/wlwmanifest.xml HTTP/1.0" 404 1552 "-" "Mozilla/5.0 (Windows NT 10.0; Win64; x64) AppleWebKit/537.36 (KHTML, like Gecko) Chrome/88.0.4240.193 Safari/537.36"
guiduchoix24.com:443 18.195.143.79 - - [31/Mar/2021:06:02:05 +0200] "GET //wordpress/wp-includes/wlwmanifest.xml HTTP/1.0" 404 1552 "-" "Mozilla/5.0 (Windows NT 10.0; Win64; x64) AppleWebKit/537.36 (KHTML, like Gecko) Chrome/88.0.4240.193 Safari/537.36"
guiduchoix24.com:443 18.195.143.79 - - [31/Mar/2021:06:02:05 +0200] "GET //website/wp-includes/wlwmanifest.xml HTTP/1.0" 404 1552 "-" "Mozilla/5.0 (Windows NT 10.0; Win64; x64) AppleWebKit/537.36 (KHTML, like Gecko) Chrome/88.0.4240.193 Safari/537.36"
guiduchoix24.com:443 18.195.143.79 - - [31/Mar/2021:06:02:05 +0200] "GET //wp/wp-includes/wlwmanifest.xml HTTP/1.0" 404 1552 "-" "Mozilla/5.0 (Windows NT 10.0; Win64; x64) AppleWebKit/537.36 (KHTML, like Gecko) Chrome/88.0.4240.193 Safari/537.36"
guiduchoix24.com:443 18.195.143.79 - - [31/Mar/2021:06:02:05 +0200] "GET //news/wp-includes/wlwmanifest.xml HTTP/1.0" 404 1552 "-" "Mozilla/5.0 (Windows NT 10.0; Win64; x64) AppleWebKit/537.36 (KHTML, like Gecko) Chrome/88.0.4240.193 Safari/537.36"
guiduchoix24.com:443 18.195.143.79 - - [31/Mar/2021:06:02:05 +0200] "GET //2020/wp-includes/wlwmanifest.xml HTTP/1.0" 404 1552 "-" "Mozilla/5.0 (Windows NT 10.0; Win64; x64) AppleWebKit/537.36 (KHTML, like Gecko) Chrome/88.0.4240.193 Safari/537.36"
guiduchoix24.com:443 18.195.143.79 - - [31/Mar/2021:06:02:05 +0200] "GET //2019/wp-includes/wlwmanifest.xml HTTP/1.0" 404 1552 "-" "Mozilla/5.0 (Windows NT 10.0; Win64; x64) AppleWebKit/537.36 (KHTML, like Gecko) Chrome/88.0.4240.193 Safari/537.36"
guiduchoix24.com:443 18.195.143.79 - - [31/Mar/2021:06:02:05 +0200] "GET //shop/wp-includes/wlwmanifest.xml HTTP/1.0" 404 1552 "-" "Mozilla/5.0 (Windows NT 10.0; Win64; x64) AppleWebKit/537.36 (KHTML, like Gecko) Chrome/88.0.4240.193 Safari/537.36"
guiduchoix24.com:443 18.195.143.79 - - [31/Mar/2021:06:02:05 +0200] "GET //wp1/wp-includes/wlwmanifest.xml HTTP/1.0" 404 1552 "-" "Mozilla/5.0 (Windows NT 10.0; Win64; x64) AppleWebKit/537.36 (KHTML, like Gecko) Chrome/88.0.4240.193 Safari/537.36"
guiduchoix24.com:443 18.195.143.79 - - [31/Mar/2021:06:02:05 +0200] "GET //test/wp-includes/wlwmanifest.xml HTTP/1.0" 404 1552 "-" "Mozilla/5.0 (Windows NT 10.0; Win64; x64) AppleWebKit/537.36 (KHTML, like Gecko) Chrome/88.0.4240.193 Safari/537.36"
guiduchoix24.com:443 18.195.143.79 - - [31/Mar/2021:06:02:05 +0200] "GET //wp2/wp-includes/wlwmanifest.xml HTTP/1.0" 404 1552 "-" "Mozilla/5.0 (Windows NT 10.0; Win64; x64) AppleWebKit/537.36 (KHTML, like Gecko) Chrome/88.0.4240.193 Safari/537.36"
guiduchoix24.com:443 18.195.143.79 - - [31/Mar/2021:06:02:06 +0200] "GET //site/wp-includes/wlwmanifest.xml HTTP/1.0" 404 1552 "-" "Mozilla/5.0 (Windows NT 10.0; Win64; x64) AppleWebKit/537.36 (KHTML, like Gecko) Chrome/88.0.4240.193 Safari/537.36"
guiduchoix24.com:443 18.195.143.79 - - [31/Mar/2021:06:02:06 +0200] "GET //cms/wp-includes/wlwmanifest.xml HTTP/1.0" 404 1552 "-" "Mozilla/5.0 (Windows NT 10.0; Win64; x64) AppleWebKit/537.36 (KHTML, like Gecko) Chrome/88.0.4240.193 Safari/537.36"
guiduchoix24.com:443 18.195.143.79 - - [31/Mar/2021:06:02:06 +0200] "GET //sito/wp-includes/wlwmanifest.xml HTTP/1.0" 404 1552 "-" "Mozilla/5.0 (Windows NT 10.0; Win64; x64) AppleWebKit/537.36 (KHTML, like Gecko) Chrome/88.0.4240.193 Safari/537.36"
guiduchoix24.com:443 192.99.18.122 - - [31/Mar/2021:06:37:32 +0200] "GET / HTTP/1.0" 200 43615 "https://www.google.com" "Mozilla/5.0 (X11; Ubuntu; Linux x86_64; rv:72.0) Gecko/20100101 Firefox/72.0"
guiduchoix24.com:443 77.88.5.26 - - [31/Mar/2021:07:07:02 +0200] "GET /robots.txt HTTP/1.0" 404 1552 "-" "Mozilla/5.0 (compatible; YandexBot/3.0; +http://yandex.com/bots)"
guiduchoix24.com:443 77.88.5.84 - - [31/Mar/2021:07:07:14 +0200] "GET /robots.txt HTTP/1.0" 404 1552 "-" "Mozilla/5.0 (compatible; YandexBot/3.0; +http://yandex.com/bots)"
guiduchoix24.com:443 77.88.5.26 - - [31/Mar/2021:07:07:17 +0200] "GET / HTTP/1.0" 200 43615 "-" "Mozilla/5.0 (compatible; YandexBot/3.0; +http://yandex.com/bots)"
guiduchoix24.com:443 77.88.5.243 - - [31/Mar/2021:07:07:53 +0200] "GET /robots.txt HTTP/1.0" 404 1552 "-" "Mozilla/5.0 (compatible; YandexBot/3.0; +http://yandex.com/bots)"
guiduchoix24.com:443 93.158.161.57 - - [31/Mar/2021:07:08:00 +0200] "GET /robots.txt HTTP/1.0" 404 1552 "-" "Mozilla/5.0 (compatible; YandexBot/3.0; +http://yandex.com/bots)"
guiduchoix24.com:443 77.88.5.171 - - [31/Mar/2021:07:08:04 +0200] "GET / HTTP/1.0" 200 43615 "-" "Mozilla/5.0 (compatible; YandexBot/3.0; +http://yandex.com/bots)"
guiduchoix24.com:443 23.228.109.147 - - [31/Mar/2021:07:19:17 +0200] "GET /theme/assets/plugins/jquery-file-upload/server/php/index.php?file=tf2rghf.jpg HTTP/1.0" 404 1552 "http://www.google.com/" "Mozilla/5.0 (Windows NT 6.1; Win64; x64) AppleWebKit/537.36 (KHTML, like Gecko) Chrome/56.0.2896.3 Safari/537.36"
guiduchoix24.com:443 23.228.109.147 - - [31/Mar/2021:07:19:17 +0200] "GET /theme/assets/global/plugins/jquery-file-upload/server/php/index.php?file=tf2rghf.jpg HTTP/1.0" 404 1552 "http://www.google.com/" "Mozilla/5.0 (Windows NT 6.1; Win64; x64) AppleWebKit/537.36 (KHTML, like Gecko) Chrome/56.0.2896.3 Safari/537.36"
guiduchoix24.com:443 35.237.64.8 - - [31/Mar/2021:07:23:01 +0200] "GET /robots.txt HTTP/1.0" 404 1552 "-" "ZoominfoBot (zoominfobot at zoominfo dot com)"
guiduchoix24.com:443 35.237.64.8 - - [31/Mar/2021:07:23:01 +0200] "GET /index.php/Rubrique_Controller/listerubriques/2 HTTP/1.0" 200 35086 "-" "ZoominfoBot (zoominfobot at zoominfo dot com)"
guiduchoix24.com:443 35.237.64.8 - - [31/Mar/2021:07:23:58 +0200] "GET /index.php/Rubrique_Controller/listerubriques/4 HTTP/1.0" 200 37096 "-" "ZoominfoBot (zoominfobot at zoominfo dot com)"
guiduchoix24.com:443 35.237.64.8 - - [31/Mar/2021:07:25:05 +0200] "GET /index.php/Rubrique_Controller/listerubriques/6 HTTP/1.0" 200 34974 "-" "ZoominfoBot (zoominfobot at zoominfo dot com)"
guiduchoix24.com:443 35.237.64.8 - - [31/Mar/2021:07:27:07 +0200] "GET /index.php/Pays_Controller/pays HTTP/1.0" 200 38082 "-" "ZoominfoBot (zoominfobot at zoominfo dot com)"
guiduchoix24.com:443 35.237.64.8 - - [31/Mar/2021:07:31:36 +0200] "GET /index.php/Accueil_Controller/contact HTTP/1.0" 200 10771 "-" "ZoominfoBot (zoominfobot at zoominfo dot com)"
guiduchoix24.com:443 66.175.232.168 - - [31/Mar/2021:07:37:54 +0200] "GET / HTTP/1.0" 200 43615 "-" "Mozilla/5.0 (Windows NT 10.0; WOW64; rv:40.0) Gecko/20100101 Firefox/40.0"
guiduchoix24.com:443 35.237.64.8 - - [31/Mar/2021:07:51:37 +0200] "GET /index.php/Rubrique_Controller/listerubriques/1 HTTP/1.0" 200 37443 "-" "ZoominfoBot (zoominfobot at zoominfo dot com)"
guiduchoix24.com:443 35.237.64.8 - - [31/Mar/2021:07:52:43 +0200] "GET /index.php/Rubrique_Controller/listerubriques/3 HTTP/1.0" 200 35057 "-" "ZoominfoBot (zoominfobot at zoominfo dot com)"
guiduchoix24.com:443 35.237.64.8 - - [31/Mar/2021:07:53:37 +0200] "GET /index.php/Rubrique_Controller/listerubriques/5 HTTP/1.0" 200 34701 "-" "ZoominfoBot (zoominfobot at zoominfo dot com)"
guiduchoix24.com:443 35.237.64.8 - - [31/Mar/2021:07:56:13 +0200] "GET /index.php/Accueil_Controller/inscription HTTP/1.0" 200 14496 "-" "ZoominfoBot (zoominfobot at zoominfo dot com)"
guiduchoix24.com:443 35.237.64.8 - - [31/Mar/2021:07:58:06 +0200] "GET /index.php/Accueil_Controller/equipe/1 HTTP/1.0" 200 14185 "-" "ZoominfoBot (zoominfobot at zoominfo dot com)"
guiduchoix24.com:443 35.237.64.8 - - [31/Mar/2021:08:07:04 +0200] "GET /index.php/Accueil_Controller/ HTTP/1.0" 200 43715 "-" "ZoominfoBot (zoominfobot at zoominfo dot com)"
guiduchoix24.com:443 35.237.64.8 - - [31/Mar/2021:08:08:53 +0200] "GET /index.php/Apropos_Controller/about/1 HTTP/1.0" 200 23825 "-" "ZoominfoBot (zoominfobot at zoominfo dot com)"
guiduchoix24.com:443 35.237.64.8 - - [31/Mar/2021:08:11:05 +0200] "GET /index.php/Parrain_Controller/parrains HTTP/1.0" 200 13683 "-" "ZoominfoBot (zoominfobot at zoominfo dot com)"
guiduchoix24.com:443 114.119.153.11 - - [31/Mar/2021:09:05:26 +0200] "GET /robots.txt HTTP/1.0" 510 1610 "-" "(compatible;PetalBot;+https://aspiegel.com/petalbot)"
guiduchoix24.com:443 114.119.157.143 - - [31/Mar/2021:09:07:25 +0200] "GET /robots.txt HTTP/1.0" 510 1612 "-" "(compatible;PetalBot;+https://aspiegel.com/petalbot)"
guiduchoix24.com:443 54.171.182.214 - - [31/Mar/2021:09:15:39 +0200] "GET / HTTP/1.0" 200 43615 "http://168.119.43.209" "Mozilla/5.0 (Macintosh; Intel Mac OS X 10.15; rv:81.0) Gecko/20100101 Firefox/81.0"
guiduchoix24.com:443 34.245.154.61 - - [31/Mar/2021:09:32:35 +0200] "GET / HTTP/1.0" 200 43615 "http://168.119.43.209" "Mozilla/5.0 (Macintosh; Intel Mac OS X 10.15; rv:81.0) Gecko/20100101 Firefox/81.0"
guiduchoix24.com:443 131.220.6.152 - - [31/Mar/2021:09:49:55 +0200] "GET / HTTP/1.0" 200 43615 "-" "Mozilla/5.0 (X11; Linux x86_64) AppleWebKit/537.36 (KHTML, like Gecko) Chrome/79.0.3945.79 Safari/537.36"
guiduchoix24.com:443 23.228.109.147 - - [31/Mar/2021:11:17:11 +0200] "GET /assets/backend/plugins/jquery-file-upload/server/php/index.php?file=tf2rghf.jpg HTTP/1.0" 404 1552 "http://www.google.com/" "Mozilla/5.0 (Windows NT 6.1; Win64; x64) AppleWebKit/537.36 (KHTML, like Gecko) Chrome/56.0.2896.3 Safari/537.36"
guiduchoix24.com:443 104.196.136.52 - - [31/Mar/2021:11:26:43 +0200] "GET /robots.txt HTTP/1.0" 404 3404 "-" "ZoominfoBot (zoominfobot at zoominfo dot com)"
guiduchoix24.com:443 104.196.136.52 - - [31/Mar/2021:11:26:43 +0200] "GET /index.php/Rubrique_Controller/listerubriques/2 HTTP/1.0" 200 35086 "-" "ZoominfoBot (zoominfobot at zoominfo dot com)"
guiduchoix24.com:443 104.196.136.52 - - [31/Mar/2021:11:27:53 +0200] "GET /index.php/Rubrique_Controller/listerubriques/4 HTTP/1.0" 200 35244 "-" "ZoominfoBot (zoominfobot at zoominfo dot com)"
guiduchoix24.com:443 104.196.136.52 - - [31/Mar/2021:11:29:02 +0200] "GET /index.php/Rubrique_Controller/listerubriques/6 HTTP/1.0" 200 34974 "-" "ZoominfoBot (zoominfobot at zoominfo dot com)"
guiduchoix24.com:443 104.196.136.52 - - [31/Mar/2021:11:31:17 +0200] "GET /index.php/Pays_Controller/pays HTTP/1.0" 200 38082 "-" "ZoominfoBot (zoominfobot at zoominfo dot com)"
guiduchoix24.com:443 104.196.136.52 - - [31/Mar/2021:11:36:22 +0200] "GET /index.php/Accueil_Controller/contact HTTP/1.0" 200 10771 "-" "ZoominfoBot (zoominfobot at zoominfo dot com)"
guiduchoix24.com:443 104.196.136.52 - - [31/Mar/2021:11:58:51 +0200] "GET /index.php/Rubrique_Controller/listerubriques/1 HTTP/1.0" 200 37443 "-" "ZoominfoBot (zoominfobot at zoominfo dot com)"
guiduchoix24.com:443 104.196.136.52 - - [31/Mar/2021:12:00:00 +0200] "GET /index.php/Rubrique_Controller/listerubriques/3 HTTP/1.0" 200 35057 "-" "ZoominfoBot (zoominfobot at zoominfo dot com)"
guiduchoix24.com:443 104.196.136.52 - - [31/Mar/2021:12:01:02 +0200] "GET /index.php/Rubrique_Controller/listerubriques/5 HTTP/1.0" 200 34701 "-" "ZoominfoBot (zoominfobot at zoominfo dot com)"
guiduchoix24.com:443 104.196.136.52 - - [31/Mar/2021:12:03:55 +0200] "GET /index.php/Accueil_Controller/inscription HTTP/1.0" 200 14624 "-" "ZoominfoBot (zoominfobot at zoominfo dot com)"
guiduchoix24.com:443 104.196.136.52 - - [31/Mar/2021:12:05:55 +0200] "GET /index.php/Accueil_Controller/equipe/1 HTTP/1.0" 200 14057 "-" "ZoominfoBot (zoominfobot at zoominfo dot com)"
guiduchoix24.com:443 104.196.136.52 - - [31/Mar/2021:12:15:30 +0200] "GET /index.php/Accueil_Controller/ HTTP/1.0" 200 43715 "-" "ZoominfoBot (zoominfobot at zoominfo dot com)"
guiduchoix24.com:443 104.196.136.52 - - [31/Mar/2021:12:17:21 +0200] "GET /index.php/Apropos_Controller/about/1 HTTP/1.0" 200 21973 "-" "ZoominfoBot (zoominfobot at zoominfo dot com)"
guiduchoix24.com:443 104.196.136.52 - - [31/Mar/2021:12:19:44 +0200] "GET /index.php/Parrain_Controller/parrains HTTP/1.0" 200 11831 "-" "ZoominfoBot (zoominfobot at zoominfo dot com)"
guiduchoix24.com:443 58.53.128.148 - - [31/Mar/2021:12:33:56 +0200] "GET / HTTP/1.0" 200 45467 "http://www.guiduchoix24.com" "GRequests/0.10"
guiduchoix24.com:443 13.66.139.32 - - [31/Mar/2021:12:34:50 +0200] "GET /pages/francais/mada/materielservice.php HTTP/1.0" 404 1552 "-" "Mozilla/5.0 (compatible; bingbot/2.0; +http://www.bing.com/bingbot.htm)"
guiduchoix24.com:443 13.66.139.32 - - [31/Mar/2021:13:21:27 +0200] "GET /pages/francais/mada/comune.php HTTP/1.0" 404 1552 "-" "Mozilla/5.0 (compatible; bingbot/2.0; +http://www.bing.com/bingbot.htm)"
guiduchoix24.com:443 34.222.161.254 - - [31/Mar/2021:14:12:12 +0200] "GET / HTTP/1.0" 200 45467 "-" "Mozilla/5.0 (X11; Linux x86_64) AppleWebKit/537.36 (KHTML, like Gecko) Chrome/83.0.4103.97 Safari/537.36"
guiduchoix24.com:443 34.221.212.151 - - [31/Mar/2021:14:12:52 +0200] "GET /favicon.ico HTTP/1.0" 404 3404 "-" "Go-http-client/1.1"
guiduchoix24.com:443 34.221.212.151 - - [31/Mar/2021:14:12:55 +0200] "GET / HTTP/1.0" 200 45467 "-" "Go-http-client/1.1"
guiduchoix24.com:443 13.66.139.32 - - [31/Mar/2021:14:19:09 +0200] "GET /assets/image/slogan6.png HTTP/1.0" 200 1753343 "-" "Mozilla/5.0 (compatible; bingbot/2.0; +http://www.bing.com/bingbot.htm)"
guiduchoix24.com:443 66.249.66.138 - - [31/Mar/2021:18:15:08 +0200] "GET /robots.txt HTTP/1.0" 404 1552 "-" "Mozilla/5.0 (compatible; Googlebot/2.1; +http://www.google.com/bot.html)"
guiduchoix24.com:443 66.249.66.136 - - [31/Mar/2021:18:15:09 +0200] "GET / HTTP/1.0" 200 43615 "-" "Mozilla/5.0 (Linux; Android 6.0.1; Nexus 5X Build/MMB29P) AppleWebKit/537.36 (KHTML, like Gecko) Chrome/89.0.4389.102 Mobile Safari/537.36 (compatible; Googlebot/2.1; +http://www.google.com/bot.html)"
guiduchoix24.com:443 66.249.66.46 - - [31/Mar/2021:18:18:35 +0200] "GET /robots.txt HTTP/1.0" 404 1552 "-" "Mozilla/5.0 (compatible; Googlebot/2.1; +http://www.google.com/bot.html)"
guiduchoix24.com:443 66.249.66.44 - - [31/Mar/2021:18:18:36 +0200] "GET /assets/css/custom.css HTTP/1.0" 200 78041 "https://www.guiduchoix24.com/" "Mozilla/5.0 (Linux; Android 6.0.1; Nexus 5X Build/MMB29P) AppleWebKit/537.36 (KHTML, like Gecko) Chrome/89.0.4389.99 Mobile Safari/537.36 (compatible; Googlebot/2.1; +http://www.google.com/bot.html)"
guiduchoix24.com:443 23.228.109.147 - - [31/Mar/2021:18:32:40 +0200] "GET /vendor/studio-42/elfinder/php/connector.minimal.php HTTP/1.0" 404 1552 "http://www.google.com/" "Mozilla/5.0 (Windows NT 6.1; Win64; x64) AppleWebKit/537.36 (KHTML, like Gecko) Chrome/56.0.2896.3 Safari/537.36"
guiduchoix24.com:443 23.228.109.147 - - [31/Mar/2021:18:32:40 +0200] "GET /public/sximo5/js/plugins/elfinder/php/connector.minimal.php HTTP/1.0" 404 1552 "http://www.google.com/" "Mozilla/5.0 (Windows NT 6.1; Win64; x64) AppleWebKit/537.36 (KHTML, like Gecko) Chrome/56.0.2896.3 Safari/537.36"
guiduchoix24.com:443 23.228.109.147 - - [31/Mar/2021:18:32:40 +0200] "GET /theme/assets/jquery-file-upload/server/php/index.php?file=tf2rghf.jpg HTTP/1.0" 404 1552 "http://www.google.com/" "Mozilla/5.0 (Windows NT 6.1; Win64; x64) AppleWebKit/537.36 (KHTML, like Gecko) Chrome/56.0.2896.3 Safari/537.36"
guiduchoix24.com:443 13.66.139.32 - - [31/Mar/2021:18:58:30 +0200] "GET /pages/francais/mada/item25.php HTTP/1.0" 404 1552 "-" "Mozilla/5.0 (compatible; bingbot/2.0; +http://www.bing.com/bingbot.htm)"
guiduchoix24.com:443 34.245.70.165 - - [31/Mar/2021:19:46:49 +0200] "GET / HTTP/1.0" 200 43615 "-" "Mozilla/5.0 (Macintosh; Intel Mac OS X 10_15_6) AppleWebKit/537.36 (KHTML, like Gecko) Chrome/84.0.4147.105 Safari/537.36"
guiduchoix24.com:443 34.245.70.165 - - [31/Mar/2021:19:46:49 +0200] "GET /index.php/Accueil_Controller/contact HTTP/1.0" 200 10643 "https://guiduchoix24.com/" "Mozilla/5.0 (Macintosh; Intel Mac OS X 10_15_6) AppleWebKit/537.36 (KHTML, like Gecko) Chrome/84.0.4147.105 Safari/537.36"
guiduchoix24.com:443 161.97.114.94 - - [31/Mar/2021:20:27:35 +0200] "GET /.env HTTP/1.0" 403 142 "-" "Mozilla/5.0 (X11; Linux x86_64) AppleWebKit/537.36 (KHTML, like Gecko) Chrome/81.0.4044.129 Safari/537.36"
guiduchoix24.com:443 161.97.114.94 - - [31/Mar/2021:20:27:35 +0200] "GET /vendor/.env HTTP/1.0" 403 142 "-" "Mozilla/5.0 (X11; Linux x86_64) AppleWebKit/537.36 (KHTML, like Gecko) Chrome/81.0.4044.129 Safari/537.36"
guiduchoix24.com:443 161.97.114.94 - - [31/Mar/2021:20:27:35 +0200] "GET /storage/.env HTTP/1.0" 403 1994 "-" "Mozilla/5.0 (X11; Linux x86_64) AppleWebKit/537.36 (KHTML, like Gecko) Chrome/81.0.4044.129 Safari/537.36"
guiduchoix24.com:443 161.97.114.94 - - [31/Mar/2021:20:27:35 +0200] "GET /public/.env HTTP/1.0" 403 142 "-" "Mozilla/5.0 (X11; Linux x86_64) AppleWebKit/537.36 (KHTML, like Gecko) Chrome/81.0.4044.129 Safari/537.36"
guiduchoix24.com:443 161.97.114.94 - - [31/Mar/2021:20:27:35 +0200] "POST / HTTP/1.0" 200 43615 "-" "Mozilla/5.0 (X11; Linux x86_64) AppleWebKit/537.36 (KHTML, like Gecko) Chrome/81.0.4044.129 Safari/537.36"
guiduchoix24.com:443 13.66.139.57 - - [31/Mar/2021:20:43:48 +0200] "GET /pages/francais/mada/business_essentiel.php HTTP/1.0" 404 1552 "-" "Mozilla/5.0 (compatible; bingbot/2.0; +http://www.bing.com/bingbot.htm)"
guiduchoix24.com:443 75.119.133.130 - - [31/Mar/2021:21:01:28 +0200] "GET /index.php/Accueil_Controller/contact HTTP/1.0" 200 10771 "https://guiduchoix24.com/index.php/Accueil_Controller/contact" "Mozilla/5.0 (Windows NT 6.1; Win64; x64) AppleWebKit/537.36 (KHTML, like Gecko) Chrome/66.0.3359.170 Safari/537.36 OPR/53.0.2907.99"
guiduchoix24.com:443 75.119.133.130 - - [31/Mar/2021:21:01:28 +0200] "GET /index.php/Accueil_Controller/contact HTTP/1.0" 200 10643 "https://guiduchoix24.com/index.php/Accueil_Controller/contact" "Mozilla/5.0 (Windows NT 6.1; Win64; x64) AppleWebKit/537.36 (KHTML, like Gecko) Chrome/66.0.3359.170 Safari/537.36 OPR/53.0.2907.99"
guiduchoix24.com:443 75.119.133.130 - - [31/Mar/2021:21:01:29 +0200] "GET /index.php/Accueil_Controller/index.php HTTP/1.0" 404 1515 "https://guiduchoix24.com/index.php" "Mozilla/5.0 (Windows NT 6.1; Win64; x64) AppleWebKit/537.36 (KHTML, like Gecko) Chrome/66.0.3359.170 Safari/537.36 OPR/53.0.2907.99"
guiduchoix24.com:443 75.119.133.130 - - [31/Mar/2021:21:01:29 +0200] "GET /Accueil_Controller/index.php HTTP/1.0" 404 1552 "https://guiduchoix24.com/Accueil_Controller/index.php" "Mozilla/5.0 (Windows NT 6.1; Win64; x64) AppleWebKit/537.36 (KHTML, like Gecko) Chrome/66.0.3359.170 Safari/537.36 OPR/53.0.2907.99"
guiduchoix24.com:443 13.66.139.57 - - [31/Mar/2021:21:15:21 +0200] "GET /pages/francais/mada/item24.php HTTP/1.0" 404 1552 "-" "Mozilla/5.0 (compatible; bingbot/2.0; +http://www.bing.com/bingbot.htm)"
guiduchoix24.com:443 66.249.66.46 - - [31/Mar/2021:21:22:31 +0200] "GET /index.php/Commune_Controller/liste/1 HTTP/1.0" 200 15283 "-" "Mozilla/5.0 (Linux; Android 6.0.1; Nexus 5X Build/MMB29P) AppleWebKit/537.36 (KHTML, like Gecko) Chrome/89.0.4389.102 Mobile Safari/537.36 (compatible; Googlebot/2.1; +http://www.google.com/bot.html)"
guiduchoix24.com:443 13.66.139.32 - - [31/Mar/2021:22:29:03 +0200] "GET /index.php/Accueil_Controller/inscription HTTP/1.0" 200 14624 "-" "Mozilla/5.0 (compatible; bingbot/2.0; +http://www.bing.com/bingbot.htm)"
guiduchoix24.com:443 173.252.127.24 - - [31/Mar/2021:22:38:06 +0200] "GET /assets/image/drapeau_maroc.png HTTP/1.0" 200 38783 "-" "facebookexternalhit/1.1 (+http://www.facebook.com/externalhit_uatext.php)"
guiduchoix24.com:443 77.88.5.84 - - [31/Mar/2021:22:38:56 +0200] "GET /robots.txt HTTP/1.0" 404 1552 "-" "Mozilla/5.0 (compatible; YandexBot/3.0; +http://yandex.com/bots)"
guiduchoix24.com:443 77.88.5.243 - - [31/Mar/2021:22:38:57 +0200] "GET /robots.txt HTTP/1.0" 404 1552 "-" "Mozilla/5.0 (compatible; YandexBot/3.0; +http://yandex.com/bots)"
guiduchoix24.com:443 77.88.5.84 - - [31/Mar/2021:22:39:00 +0200] "GET / HTTP/1.0" 200 43615 "-" "Mozilla/5.0 (compatible; YandexBot/3.0; +http://yandex.com/bots)"
guiduchoix24.com:443 77.88.5.26 - - [31/Mar/2021:22:39:01 +0200] "GET / HTTP/1.0" 200 43615 "-" "Mozilla/5.0 (compatible; YandexBot/3.0; +http://yandex.com/bots)"
guiduchoix24.com:443 13.66.139.57 - - [31/Mar/2021:23:17:43 +0200] "GET /pages/francais/mada/guide_marketing_testez_votre_idee.php HTTP/1.0" 404 3404 "-" "Mozilla/5.0 (compatible; bingbot/2.0; +http://www.bing.com/bingbot.htm)"
guiduchoix24.com:443 35.196.181.86 - - [01/Apr/2021:01:26:39 +0200] "GET /robots.txt HTTP/1.0" 404 1552 "-" "ZoominfoBot (zoominfobot at zoominfo dot com)"
guiduchoix24.com:443 35.196.181.86 - - [01/Apr/2021:01:26:39 +0200] "GET /robots.txt HTTP/1.0" 404 1552 "-" "ZoominfoBot (zoominfobot at zoominfo dot com)"
guiduchoix24.com:443 35.196.181.86 - - [01/Apr/2021:01:26:39 +0200] "GET / HTTP/1.0" 500 4243 "-" "ZoominfoBot (zoominfobot at zoominfo dot com)"
guiduchoix24.com:443 35.196.181.86 - - [01/Apr/2021:01:28:20 +0200] "GET /robots.txt HTTP/1.0" 404 1552 "-" "ZoominfoBot (zoominfobot at zoominfo dot com)"
guiduchoix24.com:443 35.196.181.86 - - [01/Apr/2021:01:28:20 +0200] "GET /robots.txt HTTP/1.0" 404 1552 "-" "ZoominfoBot (zoominfobot at zoominfo dot com)"
guiduchoix24.com:443 35.196.181.86 - - [01/Apr/2021:01:28:21 +0200] "GET / HTTP/1.0" 200 43615 "-" "ZoominfoBot (zoominfobot at zoominfo dot com)"
guiduchoix24.com:443 13.66.139.32 - - [01/Apr/2021:01:34:49 +0200] "GET /pages/francais/mada/internet_choix_fournisseur.php HTTP/1.0" 404 1552 "-" "Mozilla/5.0 (compatible; bingbot/2.0; +http://www.bing.com/bingbot.htm)"
guiduchoix24.com:443 66.249.65.90 - - [01/Apr/2021:04:07:20 +0200] "GET /robots.txt HTTP/1.0" 404 3404 "-" "Mozilla/5.0 (compatible; Googlebot/2.1; +http://www.google.com/bot.html)"
guiduchoix24.com:443 66.249.66.76 - - [01/Apr/2021:04:07:21 +0200] "GET /index.php/Accueil_Controller/inscription HTTP/1.0" 200 14624 "-" "Mozilla/5.0 (Linux; Android 6.0.1; Nexus 5X Build/MMB29P) AppleWebKit/537.36 (KHTML, like Gecko) Chrome/89.0.4389.102 Mobile Safari/537.36 (compatible; Googlebot/2.1; +http://www.google.com/bot.html)"
guiduchoix24.com:443 192.255.70.150 - - [01/Apr/2021:04:17:55 +0200] "GET / HTTP/1.0" 510 1610 "-" "User-Agent\" \"Mozilla/5.0 (Windows NT 6.1;) Gecko/20100101 Firefox/13.0.1, Mozilla/5.0 (Windows NT 10.0; Win64; x64; rv:70.0) Gecko/20100101 Firefox/70.0"
guiduchoix24.com:443 66.249.66.46 - - [01/Apr/2021:04:23:47 +0200] "GET /index.php/Commune_Controller/liste/1 HTTP/1.0" 200 15283 "-" "Mozilla/5.0 (compatible; Googlebot/2.1; +http://www.google.com/bot.html)"
guiduchoix24.com:443 66.249.66.136 - - [01/Apr/2021:04:48:41 +0200] "GET /pages/francais/mada/itemmaladie.php HTTP/1.0" 404 1552 "-" "Mozilla/5.0 (Linux; Android 6.0.1; Nexus 5X Build/MMB29P) AppleWebKit/537.36 (KHTML, like Gecko) Chrome/89.0.4389.102 Mobile Safari/537.36 (compatible; Googlebot/2.1; +http://www.google.com/bot.html)"
guiduchoix24.com:443 114.119.150.166 - - [01/Apr/2021:04:50:16 +0200] "GET /robots.txt HTTP/1.0" 510 1612 "-" "(compatible;PetalBot;+https://aspiegel.com/petalbot)"
guiduchoix24.com:443 114.119.139.202 - - [01/Apr/2021:04:52:05 +0200] "GET /robots.txt HTTP/1.0" 510 1612 "-" "(compatible;PetalBot;+https://aspiegel.com/petalbot)"
guiduchoix24.com:443 13.58.186.12 - - [01/Apr/2021:04:55:19 +0200] "GET / HTTP/1.0" 200 43615 "-" "Mozilla/5.0 (X11; Linux x86_64) AppleWebKit/537.36 (KHTML, like Gecko) Chrome/85.0.4183.102 Safari/537.36"
guiduchoix24.com:443 13.58.186.12 - - [01/Apr/2021:04:55:20 +0200] "GET / HTTP/1.0" 200 45467 "-" "Mozilla/5.0 (X11; Linux x86_64) AppleWebKit/537.36 (KHTML, like Gecko) Chrome/85.0.4183.102 Safari/537.36"
guiduchoix24.com:443 13.58.186.12 - - [01/Apr/2021:04:55:19 +0200] "GET / HTTP/1.0" 200 43615 "-" "Mozilla/5.0 (X11; Linux x86_64) AppleWebKit/537.36 (KHTML, like Gecko) Chrome/85.0.4183.102 Safari/537.36"
guiduchoix24.com:443 13.58.186.12 - - [01/Apr/2021:04:55:20 +0200] "GET /assets/css/custom.css HTTP/1.0" 200 78041 "https://www.guiduchoix24.com/" "Mozilla/5.0 (X11; Linux x86_64) AppleWebKit/537.36 (KHTML, like Gecko) Chrome/85.0.4183.102 Safari/537.36"
guiduchoix24.com:443 13.58.186.12 - - [01/Apr/2021:04:55:20 +0200] "GET /assets/js/jquery.min.js HTTP/1.0" 200 88983 "https://www.guiduchoix24.com/" "Mozilla/5.0 (X11; Linux x86_64) AppleWebKit/537.36 (KHTML, like Gecko) Chrome/85.0.4183.102 Safari/537.36"
guiduchoix24.com:443 13.58.186.12 - - [01/Apr/2021:04:55:20 +0200] "GET /assets/animation/animate.css HTTP/1.0" 200 82325 "https://www.guiduchoix24.com/" "Mozilla/5.0 (X11; Linux x86_64) AppleWebKit/537.36 (KHTML, like Gecko) Chrome/85.0.4183.102 Safari/537.36"
guiduchoix24.com:443 13.58.186.12 - - [01/Apr/2021:04:55:20 +0200] "GET /assets/bootstrap/css/bootstrap.min.css HTTP/1.0" 200 156815 "https://www.guiduchoix24.com/" "Mozilla/5.0 (X11; Linux x86_64) AppleWebKit/537.36 (KHTML, like Gecko) Chrome/85.0.4183.102 Safari/537.36"
guiduchoix24.com:443 13.58.186.12 - - [01/Apr/2021:04:55:20 +0200] "GET /assets/bootstrap/js/bootstrap.min.js HTTP/1.0" 200 58793 "https://www.guiduchoix24.com/" "Mozilla/5.0 (X11; Linux x86_64) AppleWebKit/537.36 (KHTML, like Gecko) Chrome/85.0.4183.102 Safari/537.36"
guiduchoix24.com:443 13.58.186.12 - - [01/Apr/2021:04:55:20 +0200] "GET /assets/js/caroussel.js HTTP/1.0" 200 1231 "https://www.guiduchoix24.com/" "Mozilla/5.0 (X11; Linux x86_64) AppleWebKit/537.36 (KHTML, like Gecko) Chrome/85.0.4183.102 Safari/537.36"
guiduchoix24.com:443 13.58.186.12 - - [01/Apr/2021:04:55:19 +0200] "GET / HTTP/1.0" 200 45467 "-" "Mozilla/5.0 (X11; Linux x86_64) AppleWebKit/537.36 (KHTML, like Gecko) Chrome/85.0.4183.102 Safari/537.36"
guiduchoix24.com:443 13.58.186.12 - - [01/Apr/2021:04:55:19 +0200] "GET / HTTP/1.0" 200 45467 "-" "Mozilla/5.0 (X11; Linux x86_64) AppleWebKit/537.36 (KHTML, like Gecko) Chrome/85.0.4183.102 Safari/537.36"
guiduchoix24.com:443 13.58.186.12 - - [01/Apr/2021:04:55:22 +0200] "GET /favicon.ico HTTP/1.0" 404 1552 "https://www.guiduchoix24.com/" "Mozilla/5.0 (X11; Linux x86_64) AppleWebKit/537.36 (KHTML, like Gecko) Chrome/85.0.4183.102 Safari/537.36"
guiduchoix24.com:443 13.58.186.12 - - [01/Apr/2021:04:55:22 +0200] "GET /robots.txt HTTP/1.0" 404 1552 "-" "Python-urllib/3.7"
guiduchoix24.com:443 13.58.186.12 - - [01/Apr/2021:04:55:23 +0200] "GET /index.php/Accueil_Controller/contact HTTP/1.0" 200 10771 "-" "Mozilla/5.0 (X11; Linux x86_64) AppleWebKit/537.36 (KHTML, like Gecko) Chrome/85.0.4183.102 Safari/537.36"
guiduchoix24.com:443 13.58.186.12 - - [01/Apr/2021:04:55:24 +0200] "GET /index.php/Accueil_Controller/ HTTP/1.0" 200 43487 "-" "Mozilla/5.0 (X11; Linux x86_64) AppleWebKit/537.36 (KHTML, like Gecko) Chrome/85.0.4183.102 Safari/537.36"
guiduchoix24.com:443 13.58.186.12 - - [01/Apr/2021:04:55:26 +0200] "GET /index.php/Pays_Controller/pays HTTP/1.0" 200 37982 "-" "Mozilla/5.0 (X11; Linux x86_64) AppleWebKit/537.36 (KHTML, like Gecko) Chrome/85.0.4183.102 Safari/537.36"
guiduchoix24.com:443 13.58.186.12 - - [01/Apr/2021:04:55:27 +0200] "GET /index.php/Apropos_Controller/about/1 HTTP/1.0" 200 21845 "-" "Mozilla/5.0 (X11; Linux x86_64) AppleWebKit/537.36 (KHTML, like Gecko) Chrome/85.0.4183.102 Safari/537.36"
guiduchoix24.com:443 13.58.186.12 - - [01/Apr/2021:04:55:28 +0200] "GET //assets/interview/interview.mp3 HTTP/1.0" 206 1096508 "https://guiduchoix24.com/index.php/Apropos_Controller/about/1" "Mozilla/5.0 (X11; Linux x86_64) AppleWebKit/537.36 (KHTML, like Gecko) Chrome/85.0.4183.102 Safari/537.36"
guiduchoix24.com:443 13.58.186.12 - - [01/Apr/2021:04:55:28 +0200] "GET //assets/interview/interview.mp3 HTTP/1.0" 206 1096508 "https://guiduchoix24.com/index.php/Apropos_Controller/about/1" "Mozilla/5.0 (X11; Linux x86_64) AppleWebKit/537.36 (KHTML, like Gecko) Chrome/85.0.4183.102 Safari/537.36"
guiduchoix24.com:443 13.58.186.12 - - [01/Apr/2021:04:55:28 +0200] "GET //assets/interview/interview.mp3 HTTP/1.0" 206 8543 "https://guiduchoix24.com/index.php/Apropos_Controller/about/1" "Mozilla/5.0 (X11; Linux x86_64) AppleWebKit/537.36 (KHTML, like Gecko) Chrome/85.0.4183.102 Safari/537.36"
guiduchoix24.com:443 13.58.186.12 - - [01/Apr/2021:04:55:28 +0200] "GET //assets/interview/interview.mp3 HTTP/1.0" 206 998199 "https://guiduchoix24.com/index.php/Apropos_Controller/about/1" "Mozilla/5.0 (X11; Linux x86_64) AppleWebKit/537.36 (KHTML, like Gecko) Chrome/85.0.4183.102 Safari/537.36"
guiduchoix24.com:443 13.58.186.12 - - [01/Apr/2021:04:55:29 +0200] "GET /index.php/Parrain_Controller/parrains HTTP/1.0" 200 11831 "-" "Mozilla/5.0 (X11; Linux x86_64) AppleWebKit/537.36 (KHTML, like Gecko) Chrome/85.0.4183.102 Safari/537.36"
guiduchoix24.com:443 13.58.186.12 - - [01/Apr/2021:04:55:31 +0200] "GET /index.php/Accueil_Controller/equipe/1 HTTP/1.0" 200 13123 "-" "Mozilla/5.0 (X11; Linux x86_64) AppleWebKit/537.36 (KHTML, like Gecko) Chrome/85.0.4183.102 Safari/537.36"
guiduchoix24.com:443 13.58.186.12 - - [01/Apr/2021:04:55:32 +0200] "GET /index.php/Accueil_Controller/inscription HTTP/1.0" 200 14496 "-" "Mozilla/5.0 (X11; Linux x86_64) AppleWebKit/537.36 (KHTML, like Gecko) Chrome/85.0.4183.102 Safari/537.36"
guiduchoix24.com:443 13.58.186.12 - - [01/Apr/2021:04:55:34 +0200] "GET /index.php/Rubrique_Controller/listerubriques/1 HTTP/1.0" 200 37315 "-" "Mozilla/5.0 (X11; Linux x86_64) AppleWebKit/537.36 (KHTML, like Gecko) Chrome/85.0.4183.102 Safari/537.36"
guiduchoix24.com:443 13.58.186.12 - - [01/Apr/2021:04:55:36 +0200] "GET /index.php/Rubrique_Controller/listerubriques/2 HTTP/1.0" 200 34958 "-" "Mozilla/5.0 (X11; Linux x86_64) AppleWebKit/537.36 (KHTML, like Gecko) Chrome/85.0.4183.102 Safari/537.36"
guiduchoix24.com:443 13.58.186.12 - - [01/Apr/2021:04:55:37 +0200] "GET /index.php/Rubrique_Controller/listerubriques/6 HTTP/1.0" 200 34974 "-" "Mozilla/5.0 (X11; Linux x86_64) AppleWebKit/537.36 (KHTML, like Gecko) Chrome/85.0.4183.102 Safari/537.36"
guiduchoix24.com:443 13.58.186.12 - - [01/Apr/2021:04:55:39 +0200] "GET /index.php/Rubrique_Controller/listerubriques/4 HTTP/1.0" 200 35244 "-" "Mozilla/5.0 (X11; Linux x86_64) AppleWebKit/537.36 (KHTML, like Gecko) Chrome/85.0.4183.102 Safari/537.36"
guiduchoix24.com:443 13.58.186.12 - - [01/Apr/2021:04:55:40 +0200] "GET /index.php/Rubrique_Controller/listerubriques/3 HTTP/1.0" 200 35057 "-" "Mozilla/5.0 (X11; Linux x86_64) AppleWebKit/537.36 (KHTML, like Gecko) Chrome/85.0.4183.102 Safari/537.36"
guiduchoix24.com:443 13.58.186.12 - - [01/Apr/2021:04:55:42 +0200] "GET /index.php/Rubrique_Controller/listerubriques/5 HTTP/1.0" 200 34701 "-" "Mozilla/5.0 (X11; Linux x86_64) AppleWebKit/537.36 (KHTML, like Gecko) Chrome/85.0.4183.102 Safari/537.36"
guiduchoix24.com:443 66.249.66.46 - - [01/Apr/2021:05:01:41 +0200] "GET / HTTP/1.0" 200 43615 "-" "Mozilla/5.0 (compatible; Googlebot/2.1; +http://www.google.com/bot.html)"
guiduchoix24.com:443 34.86.35.28 - - [01/Apr/2021:05:08:11 +0200] "GET / HTTP/1.0" 510 1604 "-" "Expanse, a Palo Alto Networks company, searches across the global IPv4 space multiple times per day to identify customers&#39; presences on the Internet. If you would like to be excluded from our scans, please send IP addresses/domains to: scaninfo@paloaltonetworks.com"
guiduchoix24.com:443 66.249.66.77 - - [01/Apr/2021:05:39:07 +0200] "GET /index.php/Rubrique_Controller/listerubriques/1 HTTP/1.0" 200 39295 "-" "Mozilla/5.0 (Linux; Android 6.0.1; Nexus 5X Build/MMB29P) AppleWebKit/537.36 (KHTML, like Gecko) Chrome/89.0.4389.102 Mobile Safari/537.36 (compatible; Googlebot/2.1; +http://www.google.com/bot.html)"
guiduchoix24.com:443 13.66.139.33 - - [01/Apr/2021:06:00:54 +0200] "GET /pages/francais/mada/index.php HTTP/1.0" 404 3404 "-" "Mozilla/5.0 (compatible; bingbot/2.0; +http://www.bing.com/bingbot.htm)"
guiduchoix24.com:443 192.255.71.214 - - [01/Apr/2021:06:13:07 +0200] "GET / HTTP/1.0" 510 3462 "-" "User-Agent\" \"Mozilla/5.0 (Windows NT 6.1;) Gecko/20100101 Firefox/13.0.1, Mozilla/5.0 (Windows NT 10.0; Win64; x64) AppleWebKit/537.36 (KHTML, like Gecko) Chrome/78.0.3904.87 Safari/537.36"
guiduchoix24.com:443 207.46.13.51 - - [01/Apr/2021:06:20:55 +0200] "GET /pages/francais/mada/matsira.php HTTP/1.0" 404 1552 "-" "Mozilla/5.0 (compatible; bingbot/2.0; +http://www.bing.com/bingbot.htm)"
guiduchoix24.com:443 114.119.143.119 - - [01/Apr/2021:06:32:32 +0200] "GET /robots.txt HTTP/1.0" 510 1620 "-" "(compatible;PetalBot;+https://aspiegel.com/petalbot)"
guiduchoix24.com:443 66.249.66.44 - - [01/Apr/2021:08:16:44 +0200] "GET /robots.txt HTTP/1.0" 404 1552 "-" "Mozilla/5.0 (compatible; Googlebot/2.1; +http://www.google.com/bot.html)"
guiduchoix24.com:443 66.249.66.43 - - [01/Apr/2021:08:16:45 +0200] "GET /pages/francais/mada/mantana.php HTTP/1.0" 404 1552 "-" "Mozilla/5.0 (compatible; Googlebot/2.1; +http://www.google.com/bot.html)"
guiduchoix24.com:443 66.249.66.43 - - [01/Apr/2021:09:14:08 +0200] "GET / HTTP/1.0" 200 43615 "-" "Mozilla/5.0 (Linux; Android 6.0.1; Nexus 5X Build/MMB29P) AppleWebKit/537.36 (KHTML, like Gecko) Chrome/89.0.4389.102 Mobile Safari/537.36 (compatible; Googlebot/2.1; +http://www.google.com/bot.html)"
guiduchoix24.com:443 66.249.66.138 - - [01/Apr/2021:09:18:34 +0200] "GET /robots.txt HTTP/1.0" 404 1552 "-" "Mozilla/5.0 (compatible; Googlebot/2.1; +http://www.google.com/bot.html)"
guiduchoix24.com:443 66.249.66.136 - - [01/Apr/2021:09:18:36 +0200] "GET / HTTP/1.0" 200 43615 "-" "Mozilla/5.0 (Linux; Android 6.0.1; Nexus 5X Build/MMB29P) AppleWebKit/537.36 (KHTML, like Gecko) Chrome/89.0.4389.102 Mobile Safari/537.36 (compatible; Googlebot/2.1; +http://www.google.com/bot.html)"
guiduchoix24.com:443 131.220.6.152 - - [01/Apr/2021:09:47:31 +0200] "GET / HTTP/1.0" 200 43615 "-" "Mozilla/5.0 (X11; Linux x86_64) AppleWebKit/537.36 (KHTML, like Gecko) Chrome/79.0.3945.79 Safari/537.36"
guiduchoix24.com:443 23.228.109.147 - - [01/Apr/2021:09:50:32 +0200] "GET /theme/assets/global/plugins/jquery-file-upload/server/php/index.php?file=tf2rghf.jpg HTTP/1.0" 404 1552 "http://www.google.com/" "Mozilla/5.0 (Windows NT 6.1; Win64; x64) AppleWebKit/537.36 (KHTML, like Gecko) Chrome/56.0.2896.3 Safari/537.36"
guiduchoix24.com:443 203.6.149.115 - - [01/Apr/2021:10:11:36 +0200] "GET /wp-login.php HTTP/1.0" 404 1552 "http://guiduchoix24.com/wp-login.php" "Mozilla/5.0 (X11; Ubuntu; Linux x86_64; rv:62.0) Gecko/20100101 Firefox/62.0"
guiduchoix24.com:443 13.66.139.33 - - [01/Apr/2021:10:22:28 +0200] "GET /assets/image/slogan6.png HTTP/1.0" 200 1753343 "-" "Mozilla/5.0 (compatible; bingbot/2.0; +http://www.bing.com/bingbot.htm)"
guiduchoix24.com:443 35.243.252.220 - - [01/Apr/2021:10:25:07 +0200] "GET /robots.txt HTTP/1.0" 404 1552 "-" "ZoominfoBot (zoominfobot at zoominfo dot com)"
guiduchoix24.com:443 35.243.252.220 - - [01/Apr/2021:10:25:07 +0200] "GET /index.php/Rubrique_Controller/listerubriques/2 HTTP/1.0" 200 35086 "-" "ZoominfoBot (zoominfobot at zoominfo dot com)"
guiduchoix24.com:443 35.243.252.220 - - [01/Apr/2021:10:26:24 +0200] "GET /index.php/Rubrique_Controller/listerubriques/4 HTTP/1.0" 200 37096 "-" "ZoominfoBot (zoominfobot at zoominfo dot com)"
guiduchoix24.com:443 35.243.252.220 - - [01/Apr/2021:10:27:29 +0200] "GET /index.php/Rubrique_Controller/listerubriques/6 HTTP/1.0" 200 34974 "-" "ZoominfoBot (zoominfobot at zoominfo dot com)"
guiduchoix24.com:443 51.210.219.11 - - [01/Apr/2021:10:27:31 +0200] "GET / HTTP/1.0" 200 43615 "-" "Mozilla/5.0 (Windows NT 10.0; Win64; x64) AppleWebKit/537.36 (KHTML, like Gecko) Chrome/83.0.4103.106 Safari/537.36"
guiduchoix24.com:443 35.243.252.220 - - [01/Apr/2021:10:29:54 +0200] "GET /index.php/Pays_Controller/pays HTTP/1.0" 200 38082 "-" "ZoominfoBot (zoominfobot at zoominfo dot com)"
guiduchoix24.com:443 35.243.252.220 - - [01/Apr/2021:10:35:05 +0200] "GET /index.php/Accueil_Controller/contact HTTP/1.0" 200 10771 "-" "ZoominfoBot (zoominfobot at zoominfo dot com)"
guiduchoix24.com:443 35.243.252.220 - - [01/Apr/2021:10:40:53 +0200] "GET /robots.txt HTTP/1.0" 404 1552 "-" "ZoominfoBot (zoominfobot at zoominfo dot com)"
guiduchoix24.com:443 35.243.252.220 - - [01/Apr/2021:10:40:53 +0200] "GET / HTTP/1.0" 200 45467 "-" "ZoominfoBot (zoominfobot at zoominfo dot com)"
guiduchoix24.com:443 35.243.252.220 - - [01/Apr/2021:10:59:11 +0200] "GET /index.php/Rubrique_Controller/listerubriques/1 HTTP/1.0" 200 37443 "-" "ZoominfoBot (zoominfobot at zoominfo dot com)"
guiduchoix24.com:443 35.243.252.220 - - [01/Apr/2021:11:00:29 +0200] "GET /index.php/Rubrique_Controller/listerubriques/3 HTTP/1.0" 200 35057 "-" "ZoominfoBot (zoominfobot at zoominfo dot com)"
guiduchoix24.com:443 35.243.252.220 - - [01/Apr/2021:11:01:46 +0200] "GET /index.php/Rubrique_Controller/listerubriques/5 HTTP/1.0" 200 34701 "-" "ZoominfoBot (zoominfobot at zoominfo dot com)"
guiduchoix24.com:443 35.243.252.220 - - [01/Apr/2021:11:05:02 +0200] "GET /index.php/Accueil_Controller/inscription HTTP/1.0" 200 14624 "-" "ZoominfoBot (zoominfobot at zoominfo dot com)"
guiduchoix24.com:443 35.243.252.220 - - [01/Apr/2021:11:07:16 +0200] "GET /index.php/Accueil_Controller/equipe/1 HTTP/1.0" 200 14057 "-" "ZoominfoBot (zoominfobot at zoominfo dot com)"
guiduchoix24.com:443 35.243.252.220 - - [01/Apr/2021:11:17:38 +0200] "GET /index.php/Accueil_Controller/ HTTP/1.0" 200 43715 "-" "ZoominfoBot (zoominfobot at zoominfo dot com)"
guiduchoix24.com:443 35.243.252.220 - - [01/Apr/2021:11:19:36 +0200] "GET /index.php/Apropos_Controller/about/1 HTTP/1.0" 200 21973 "-" "ZoominfoBot (zoominfobot at zoominfo dot com)"
guiduchoix24.com:443 35.243.252.220 - - [01/Apr/2021:11:22:22 +0200] "GET /index.php/Parrain_Controller/parrains HTTP/1.0" 200 13683 "-" "ZoominfoBot (zoominfobot at zoominfo dot com)"
guiduchoix24.com:443 40.77.167.94 - - [01/Apr/2021:11:37:55 +0200] "GET /robots.txt HTTP/1.0" 404 1552 "-" "Mozilla/5.0 (compatible; bingbot/2.0; +http://www.bing.com/bingbot.htm)"
guiduchoix24.com:443 66.249.66.136 - - [01/Apr/2021:11:42:37 +0200] "GET /favicon.ico HTTP/1.0" 404 1552 "-" "Googlebot-Image/1.0"
guiduchoix24.com:443 66.249.66.43 - - [01/Apr/2021:12:42:49 +0200] "GET /index.php/Commune_Controller/detail/1/1 HTTP/1.0" 200 13093 "-" "Mozilla/5.0 (Linux; Android 6.0.1; Nexus 5X Build/MMB29P) AppleWebKit/537.36 (KHTML, like Gecko) Chrome/89.0.4389.102 Mobile Safari/537.36 (compatible; Googlebot/2.1; +http://www.google.com/bot.html)"
guiduchoix24.com:443 13.66.139.57 - - [01/Apr/2021:12:50:00 +0200] "GET /pages/francais/mada/business0.php HTTP/1.0" 404 1552 "-" "Mozilla/5.0 (compatible; bingbot/2.0; +http://www.bing.com/bingbot.htm)"
guiduchoix24.com:443 66.249.66.43 - - [01/Apr/2021:13:04:23 +0200] "GET /index.php/Accueil_Controller/equipe/1 HTTP/1.0" 200 13251 "-" "Mozilla/5.0 (Linux; Android 6.0.1; Nexus 5X Build/MMB29P) AppleWebKit/537.36 (KHTML, like Gecko) Chrome/89.0.4389.102 Mobile Safari/537.36 (compatible; Googlebot/2.1; +http://www.google.com/bot.html)"
guiduchoix24.com:443 54.217.131.85 - - [01/Apr/2021:14:01:53 +0200] "GET / HTTP/1.0" 200 43615 "http://168.119.43.209" "Mozilla/5.0 (Macintosh; Intel Mac OS X 10.15; rv:81.0) Gecko/20100101 Firefox/81.0"
guiduchoix24.com:443 13.66.139.33 - - [01/Apr/2021:15:15:40 +0200] "GET /pages/francais/mada/carte_paiement_retrait.php HTTP/1.0" 404 1552 "-" "Mozilla/5.0 (compatible; bingbot/2.0; +http://www.bing.com/bingbot.htm)"
guiduchoix24.com:443 13.66.139.57 - - [01/Apr/2021:15:22:30 +0200] "GET /pages/francais/mada/eco_energie.php HTTP/1.0" 404 1552 "-" "Mozilla/5.0 (compatible; bingbot/2.0; +http://www.bing.com/bingbot.htm)"
guiduchoix24.com:443 13.66.139.57 - - [01/Apr/2021:15:59:58 +0200] "GET /pages/francais/mada/guidesante_accueil HTTP/1.0" 404 1552 "-" "Mozilla/5.0 (compatible; bingbot/2.0; +http://www.bing.com/bingbot.htm)"
guiduchoix24.com:443 13.66.139.33 - - [01/Apr/2021:16:19:59 +0200] "GET /pages/francais/mada/telephonie.php HTTP/1.0" 404 1552 "-" "Mozilla/5.0 (compatible; bingbot/2.0; +http://www.bing.com/bingbot.htm)"
guiduchoix24.com:443 66.249.65.91 - - [01/Apr/2021:16:46:03 +0200] "GET /robots.txt HTTP/1.0" 404 1552 "-" "Mozilla/5.0 (compatible; Googlebot/2.1; +http://www.google.com/bot.html)"
guiduchoix24.com:443 66.249.65.90 - - [01/Apr/2021:16:46:03 +0200] "GET /index.php/Accueil_Controller/contact HTTP/1.0" 200 10771 "-" "Mozilla/5.0 (Linux; Android 6.0.1; Nexus 5X Build/MMB29P) AppleWebKit/537.36 (KHTML, like Gecko) Chrome/89.0.4389.102 Mobile Safari/537.36 (compatible; Googlebot/2.1; +http://www.google.com/bot.html)"
guiduchoix24.com:443 66.249.65.226 - - [01/Apr/2021:16:46:06 +0200] "GET /assets/css/custom.css HTTP/1.0" 200 78041 "https://test-gdc.guiduchoix24.com/" "Mozilla/5.0 (Linux; Android 6.0.1; Nexus 5X Build/MMB29P) AppleWebKit/537.36 (KHTML, like Gecko) Chrome/89.0.4389.99 Mobile Safari/537.36 (compatible; Googlebot/2.1; +http://www.google.com/bot.html)"
guiduchoix24.com:443 18.202.196.145 - - [01/Apr/2021:16:53:17 +0200] "GET / HTTP/1.0" 200 43615 "http://168.119.43.209" "Mozilla/5.0 (Macintosh; Intel Mac OS X 10.15; rv:81.0) Gecko/20100101 Firefox/81.0"
guiduchoix24.com:443 18.202.196.145 - - [01/Apr/2021:16:59:50 +0200] "GET /index.php/Accueil_Controller/contact HTTP/1.0" 200 12623 "-" "Mozilla/5.0 (Macintosh; Intel Mac OS X 10.15; rv:81.0) Gecko/20100101 Firefox/81.0"
guiduchoix24.com:443 66.249.73.31 - - [01/Apr/2021:17:03:16 +0200] "GET /pages/francais/mada/itemmaladie3.php HTTP/1.0" 404 3404 "-" "Mozilla/5.0 (Linux; Android 6.0.1; Nexus 5X Build/MMB29P) AppleWebKit/537.36 (KHTML, like Gecko) Chrome/89.0.4389.102 Mobile Safari/537.36 (compatible; Googlebot/2.1; +http://www.google.com/bot.html)"
guiduchoix24.com:443 144.217.123.236 - - [01/Apr/2021:17:19:26 +0200] "GET /wp-login.php HTTP/1.0" 404 1552 "http://guiduchoix24.com/wp-login.php" "Mozilla/5.0 (X11; Ubuntu; Linux x86_64; rv:62.0) Gecko/20100101 Firefox/62.0"
guiduchoix24.com:443 13.66.139.33 - - [01/Apr/2021:17:36:39 +0200] "GET /pages/francais/mada/choixvehicule.php HTTP/1.0" 404 1552 "-" "Mozilla/5.0 (compatible; bingbot/2.0; +http://www.bing.com/bingbot.htm)"
guiduchoix24.com:443 13.66.139.57 - - [01/Apr/2021:18:28:43 +0200] "GET /pages/francais/mada/guide_marketing_testez_votre_idee.php HTTP/1.0" 404 1552 "-" "Mozilla/5.0 (compatible; bingbot/2.0; +http://www.bing.com/bingbot.htm)"
guiduchoix24.com:443 13.66.139.57 - - [01/Apr/2021:19:31:31 +0200] "GET /pages/francais/mada/eco_energie.php HTTP/1.0" 404 1552 "-" "Mozilla/5.0 (compatible; bingbot/2.0; +http://www.bing.com/bingbot.htm)"
guiduchoix24.com:443 66.249.65.226 - - [01/Apr/2021:19:39:19 +0200] "GET / HTTP/1.0" 200 45467 "-" "Mozilla/5.0 (compatible; Googlebot/2.1; +http://www.google.com/bot.html)"
guiduchoix24.com:443 188.34.165.76 - - [01/Apr/2021:21:02:09 +0200] "GET / HTTP/1.0" 200 43615 "-" "page-preview-tool Mozilla/5.0 (Windows NT 10.0; Win64; x64) AppleWebKit/537.36 (KHTML, like Gecko) Chrome/80.0.3987.132 Safari/537.36"
guiduchoix24.com:443 66.249.65.88 - - [01/Apr/2021:21:29:59 +0200] "GET /index.php/Apropos_Controller/about/1 HTTP/1.0" 200 23825 "-" "Mozilla/5.0 (Linux; Android 6.0.1; Nexus 5X Build/MMB29P) AppleWebKit/537.36 (KHTML, like Gecko) Chrome/89.0.4389.102 Mobile Safari/537.36 (compatible; Googlebot/2.1; +http://www.google.com/bot.html)"
guiduchoix24.com:443 66.249.93.13 - - [01/Apr/2021:21:42:36 +0200] "GET / HTTP/1.0" 200 45467 "-" "Mozilla/5.0 (X11; Linux x86_64) AppleWebKit/537.36 (KHTML, like Gecko) Chrome/49.0.2623.75 Safari/537.36 Google Favicon"
guiduchoix24.com:443 66.249.93.11 - - [01/Apr/2021:21:42:37 +0200] "GET /favicon.ico HTTP/1.0" 404 1552 "-" "Mozilla/5.0 (X11; Linux x86_64) AppleWebKit/537.36 (KHTML, like Gecko) Chrome/49.0.2623.75 Safari/537.36 Google Favicon"
guiduchoix24.com:443 66.249.65.228 - - [01/Apr/2021:21:47:44 +0200] "GET /robots.txt HTTP/1.0" 404 1552 "-" "Mozilla/5.0 (compatible; Googlebot/2.1; +http://www.google.com/bot.html)"
guiduchoix24.com:443 66.249.65.226 - - [01/Apr/2021:21:47:45 +0200] "GET /index.php/Commune_Controller/detail/1/1 HTTP/1.0" 200 13093 "-" "Mozilla/5.0 (compatible; Googlebot/2.1; +http://www.google.com/bot.html)"
guiduchoix24.com:443 66.249.65.88 - - [01/Apr/2021:22:35:56 +0200] "GET /index.php/Accueil_Controller/inscription HTTP/1.0" 200 14624 "-" "Mozilla/5.0 (Linux; Android 6.0.1; Nexus 5X Build/MMB29P) AppleWebKit/537.36 (KHTML, like Gecko) Chrome/89.0.4389.102 Mobile Safari/537.36 (compatible; Googlebot/2.1; +http://www.google.com/bot.html)"
guiduchoix24.com:443 40.77.167.53 - - [01/Apr/2021:22:42:19 +0200] "GET /robots.txt HTTP/1.0" 404 1552 "-" "Mozilla/5.0 (compatible; bingbot/2.0; +http://www.bing.com/bingbot.htm)"
guiduchoix24.com:443 40.77.167.53 - - [01/Apr/2021:22:42:19 +0200] "GET /robots.txt HTTP/1.0" 404 1552 "-" "Mozilla/5.0 (compatible; bingbot/2.0; +http://www.bing.com/bingbot.htm)"
guiduchoix24.com:443 13.66.139.33 - - [01/Apr/2021:22:42:26 +0200] "GET /assets/image/slogan6.png HTTP/1.0" 200 1753343 "-" "Mozilla/5.0 (compatible; bingbot/2.0; +http://www.bing.com/bingbot.htm)"
guiduchoix24.com:443 93.158.90.164 - - [01/Apr/2021:22:46:43 +0200] "GET /robots.txt HTTP/1.0" 404 1552 "http://guiduchoix24.com/robots.txt" "Mozilla/5.0 (Linux; Android 8.0.0; SM-G960F Build/R16NW) AppleWebKit/537.36 (KHTML, like Gecko) Chrome/62.0.3202.84 Mobile Safari/537.36"
guiduchoix24.com:443 93.158.90.166 - - [01/Apr/2021:22:46:44 +0200] "GET /humans.txt HTTP/1.0" 404 1552 "http://guiduchoix24.com/humans.txt" "Mozilla/5.0 (Linux; Android 8.0.0; SM-G960F Build/R16NW) AppleWebKit/537.36 (KHTML, like Gecko) Chrome/62.0.3202.84 Mobile Safari/537.36"
guiduchoix24.com:443 93.158.90.163 - - [01/Apr/2021:22:46:46 +0200] "GET /ads.txt HTTP/1.0" 404 1552 "http://guiduchoix24.com/ads.txt" "Mozilla/5.0 (Linux; Android 8.0.0; SM-G960F Build/R16NW) AppleWebKit/537.36 (KHTML, like Gecko) Chrome/62.0.3202.84 Mobile Safari/537.36"
guiduchoix24.com:443 93.158.90.141 - - [01/Apr/2021:22:46:47 +0200] "GET / HTTP/1.0" 200 43615 "http://guiduchoix24.com/" "Mozilla/5.0 (Linux; Android 8.0.0; SM-G960F Build/R16NW) AppleWebKit/537.36 (KHTML, like Gecko) Chrome/62.0.3202.84 Mobile Safari/537.36"
guiduchoix24.com:443 13.66.139.57 - - [01/Apr/2021:23:11:30 +0200] "GET /pages/francais/mada/busi.php HTTP/1.0" 404 1552 "-" "Mozilla/5.0 (compatible; bingbot/2.0; +http://www.bing.com/bingbot.htm)"
guiduchoix24.com:443 66.249.65.228 - - [02/Apr/2021:00:27:53 +0200] "GET /index.php/Commune_Controller/liste/1 HTTP/1.0" 200 15283 "-" "Mozilla/5.0 (compatible; Googlebot/2.1; +http://www.google.com/bot.html)"
guiduchoix24.com:443 114.119.147.240 - - [02/Apr/2021:00:44:10 +0200] "GET /robots.txt HTTP/1.0" 510 1620 "-" "(compatible;PetalBot;+https://aspiegel.com/petalbot)"
guiduchoix24.com:443 114.119.156.232 - - [02/Apr/2021:00:47:42 +0200] "GET /robots.txt HTTP/1.0" 510 3464 "-" "(compatible;PetalBot;+https://aspiegel.com/petalbot)"
guiduchoix24.com:443 114.119.162.33 - - [02/Apr/2021:00:49:43 +0200] "GET /robots.txt HTTP/1.0" 510 1610 "-" "(compatible;PetalBot;+https://aspiegel.com/petalbot)"
guiduchoix24.com:443 66.249.65.228 - - [02/Apr/2021:01:04:22 +0200] "GET /index.php/Rubrique_Controller/listerubriques/2 HTTP/1.0" 200 35086 "-" "Mozilla/5.0 (Linux; Android 6.0.1; Nexus 5X Build/MMB29P) AppleWebKit/537.36 (KHTML, like Gecko) Chrome/89.0.4389.102 Mobile Safari/537.36 (compatible; Googlebot/2.1; +http://www.google.com/bot.html)"
guiduchoix24.com:443 108.167.133.27 - - [02/Apr/2021:01:38:06 +0200] "GET /wp-admin/ HTTP/1.0" 404 1552 "http://guiduchoix24.com/" "Mozilla/5.0 (Windows NT 10.0; Win64; x64) AppleWebKit/537.36 (KHTML, like Gecko) Chrome/78.0.3904.97 Safari/537.36"
guiduchoix24.com:443 114.119.148.1 - - [02/Apr/2021:02:31:07 +0200] "GET /robots.txt HTTP/1.0" 510 1616 "-" "(compatible;PetalBot;+https://aspiegel.com/petalbot)"
guiduchoix24.com:443 13.66.139.96 - - [02/Apr/2021:03:09:37 +0200] "GET /pages/francais/mada/item22.php HTTP/1.0" 404 1552 "-" "Mozilla/5.0 (compatible; bingbot/2.0; +http://www.bing.com/bingbot.htm)"
guiduchoix24.com:443 51.222.25.244 - - [02/Apr/2021:04:18:40 +0200] "GET /.env HTTP/1.0" 403 142 "-" "Mozilla/5.0 (Macintosh; Intel Mac OS X 10.15; rv:77.0) Gecko/20100101 Firefox/77.0"
guiduchoix24.com:443 51.222.25.244 - - [02/Apr/2021:04:18:40 +0200] "GET /wp-content/ HTTP/1.0" 404 1552 "-" "Mozilla/5.0 (Macintosh; Intel Mac OS X 10.15; rv:77.0) Gecko/20100101 Firefox/77.0"
guiduchoix24.com:443 51.222.25.244 - - [02/Apr/2021:04:33:37 +0200] "GET /.env HTTP/1.0" 403 142 "-" "Mozilla/5.0 (Macintosh; Intel Mac OS X 10.15; rv:77.0) Gecko/20100101 Firefox/77.0"
guiduchoix24.com:443 51.222.25.244 - - [02/Apr/2021:04:33:38 +0200] "GET /wp-content/ HTTP/1.0" 404 1552 "-" "Mozilla/5.0 (Macintosh; Intel Mac OS X 10.15; rv:77.0) Gecko/20100101 Firefox/77.0"
guiduchoix24.com:443 77.88.5.26 - - [02/Apr/2021:05:13:08 +0200] "GET /robots.txt HTTP/1.0" 404 1552 "-" "Mozilla/5.0 (compatible; YandexBot/3.0; +http://yandex.com/bots)"
guiduchoix24.com:443 77.88.5.26 - - [02/Apr/2021:05:13:08 +0200] "GET /robots.txt HTTP/1.0" 404 1552 "-" "Mozilla/5.0 (compatible; YandexBot/3.0; +http://yandex.com/bots)"
guiduchoix24.com:443 77.88.5.26 - - [02/Apr/2021:05:13:12 +0200] "GET / HTTP/1.0" 200 43615 "-" "Mozilla/5.0 (compatible; YandexBot/3.0; +http://yandex.com/bots)"
