guiduchoix24.com:443 66.249.64.210 - - [28/Mar/2021:06:29:05 +0200] "GET / HTTP/1.0" 200 43615 "-" "Mozilla/5.0 (Linux; Android 6.0.1; Nexus 5X Build/MMB29P) AppleWebKit/537.36 (KHTML, like Gecko) Chrome/89.0.4389.102 Mobile Safari/537.36 (compatible; Googlebot/2.1; +http://www.google.com/bot.html)"
guiduchoix24.com:443 66.249.64.206 - - [28/Mar/2021:07:54:35 +0200] "GET /robots.txt HTTP/1.0" 404 1552 "-" "Mozilla/5.0 (compatible; Googlebot/2.1; +http://www.google.com/bot.html)"
guiduchoix24.com:443 66.249.64.208 - - [28/Mar/2021:07:54:39 +0200] "GET /pages/francais/mada/inscriMada.php HTTP/1.0" 404 1552 "-" "Mozilla/5.0 (Linux; Android 6.0.1; Nexus 5X Build/MMB29P) AppleWebKit/537.36 (KHTML, like Gecko) Chrome/89.0.4389.108 Mobile Safari/537.36 (compatible; Googlebot/2.1; +http://www.google.com/bot.html)"
guiduchoix24.com:443 131.220.6.152 - - [28/Mar/2021:10:01:03 +0200] "GET / HTTP/1.0" 200 43615 "-" "Mozilla/5.0 (X11; Linux x86_64) AppleWebKit/537.36 (KHTML, like Gecko) Chrome/79.0.3945.79 Safari/537.36"
guiduchoix24.com:443 149.56.150.82 - - [28/Mar/2021:10:05:57 +0200] "GET / HTTP/1.0" 200 43615 "-" "Mozilla/5.0 (compatible; Dataprovider.com)"
guiduchoix24.com:443 149.56.150.82 - - [28/Mar/2021:10:06:00 +0200] "GET / HTTP/1.0" 200 43615 "-" "Mozilla/5.0 (compatible; Dataprovider.com)"
guiduchoix24.com:443 149.56.150.82 - - [28/Mar/2021:10:06:05 +0200] "GET /robots.txt HTTP/1.0" 404 1552 "-" "Mozilla/5.0 (compatible; Dataprovider.com)"
guiduchoix24.com:443 149.56.150.82 - - [28/Mar/2021:10:06:06 +0200] "GET /sitemap.xml HTTP/1.0" 404 1552 "-" "Mozilla/5.0 (compatible; Dataprovider.com)"
guiduchoix24.com:443 149.56.150.82 - - [28/Mar/2021:10:06:07 +0200] "GET / HTTP/1.0" 200 43487 "-" "Mozilla/5.0 (compatible; Dataprovider.com)"
guiduchoix24.com:443 149.56.150.82 - - [28/Mar/2021:10:06:08 +0200] "GET /index.php/Accueil_Controller/contact HTTP/1.0" 200 12495 "-" "Mozilla/5.0 (compatible; Dataprovider.com)"
guiduchoix24.com:443 149.56.150.82 - - [28/Mar/2021:10:06:10 +0200] "GET /index.php/Rubrique_Controller/listerubriques/5 HTTP/1.0" 200 34701 "-" "Mozilla/5.0 (compatible; Dataprovider.com)"
guiduchoix24.com:443 149.56.150.82 - - [28/Mar/2021:10:06:11 +0200] "GET /index.php/Rubrique_Controller/listerubriques/ HTTP/1.0" 500 1230 "-" "Mozilla/5.0 (compatible; Dataprovider.com)"
guiduchoix24.com:443 149.56.150.82 - - [28/Mar/2021:10:06:13 +0200] "GET /index.php/Rubrique_Controller/listerubriques/3 HTTP/1.0" 200 35057 "-" "Mozilla/5.0 (compatible; Dataprovider.com)"
guiduchoix24.com:443 149.56.150.82 - - [28/Mar/2021:10:06:14 +0200] "GET /index.php/Rubrique_Controller/listerubriques/1 HTTP/1.0" 200 37315 "-" "Mozilla/5.0 (compatible; Dataprovider.com)"
guiduchoix24.com:443 149.56.150.82 - - [28/Mar/2021:10:06:16 +0200] "GET /index.php/Commune_Controller/liste/1 HTTP/1.0" 200 15155 "-" "Mozilla/5.0 (compatible; Dataprovider.com)"
guiduchoix24.com:443 149.56.150.82 - - [28/Mar/2021:10:06:17 +0200] "GET /index.php/Commune_Controller/liste/ HTTP/1.0" 500 1219 "-" "Mozilla/5.0 (compatible; Dataprovider.com)"
guiduchoix24.com:443 149.56.150.82 - - [28/Mar/2021:10:06:19 +0200] "GET /index.php/Rubrique_Controller/listerubriques/6 HTTP/1.0" 200 34974 "-" "Mozilla/5.0 (compatible; Dataprovider.com)"
guiduchoix24.com:443 149.56.150.82 - - [28/Mar/2021:10:06:21 +0200] "GET /index.php/Rubrique_Controller/listerubriques/2 HTTP/1.0" 200 34958 "-" "Mozilla/5.0 (compatible; Dataprovider.com)"
guiduchoix24.com:443 149.56.150.82 - - [28/Mar/2021:10:06:22 +0200] "GET /index.php/Rubrique_Controller/listerubriques/4 HTTP/1.0" 200 35244 "-" "Mozilla/5.0 (compatible; Dataprovider.com)"
guiduchoix24.com:443 149.56.150.82 - - [28/Mar/2021:10:06:24 +0200] "GET /index.php/Accueil_Controller/ HTTP/1.0" 200 43587 "-" "Mozilla/5.0 (compatible; Dataprovider.com)"
guiduchoix24.com:443 149.56.150.82 - - [28/Mar/2021:10:06:26 +0200] "GET /ads.txt HTTP/1.0" 404 1552 "-" "Mozilla/5.0 (compatible; Dataprovider.com)"
guiduchoix24.com:443 149.56.150.82 - - [28/Mar/2021:10:06:26 +0200] "GET / HTTP/1.0" 200 43615 "-" "Mozilla/5.0 (Linux; Android 5.1.1; SM-G925F Build/LMY47X) AppleWebKit/537.36 (KHTML, like Gecko) Chrome/45.0.2454.94 Mobile Safari/537.36"
guiduchoix24.com:443 23.228.109.147 - - [28/Mar/2021:10:08:56 +0200] "GET /admin/assets/global/plugins/jquery-file-upload/server/php/index.php?file=tf2rghf.jpg HTTP/1.0" 404 1552 "http://www.google.com/" "Mozilla/5.0 (Windows NT 6.1; Win64; x64) AppleWebKit/537.36 (KHTML, like Gecko) Chrome/56.0.2896.3 Safari/537.36"
guiduchoix24.com:443 51.91.219.193 - - [28/Mar/2021:10:10:55 +0200] "GET / HTTP/1.0" 200 43615 "-" "Mozilla/5.0 (compatible; Dataprovider.com)"
guiduchoix24.com:443 51.91.219.193 - - [28/Mar/2021:10:10:56 +0200] "GET /assets/css/custom.css HTTP/1.0" 200 78041 "https://www.guiduchoix24.com/" "Mozilla/5.0 (compatible; Dataprovider.com)"
guiduchoix24.com:443 51.91.219.193 - - [28/Mar/2021:10:10:56 +0200] "GET /assets/animation/animate.css HTTP/1.0" 200 82325 "https://www.guiduchoix24.com/" "Mozilla/5.0 (compatible; Dataprovider.com)"
guiduchoix24.com:443 51.91.219.193 - - [28/Mar/2021:10:10:56 +0200] "GET /assets/js/jquery.min.js HTTP/1.0" 200 88983 "https://www.guiduchoix24.com/" "Mozilla/5.0 (compatible; Dataprovider.com)"
guiduchoix24.com:443 51.91.219.193 - - [28/Mar/2021:10:10:56 +0200] "GET //assets/image/drapeau_cameroun.png HTTP/1.0" 200 6427 "https://www.guiduchoix24.com/" "Mozilla/5.0 (compatible; Dataprovider.com)"
guiduchoix24.com:443 51.91.219.193 - - [28/Mar/2021:10:10:56 +0200] "GET //assets/image/madagascar.png HTTP/1.0" 200 1397 "https://www.guiduchoix24.com/" "Mozilla/5.0 (compatible; Dataprovider.com)"
guiduchoix24.com:443 51.91.219.193 - - [28/Mar/2021:10:10:56 +0200] "GET //assets/image/drapeau_comores.png HTTP/1.0" 200 119130 "https://www.guiduchoix24.com/" "Mozilla/5.0 (compatible; Dataprovider.com)"
guiduchoix24.com:443 51.91.219.193 - - [28/Mar/2021:10:10:56 +0200] "GET /assets/js/caroussel.js HTTP/1.0" 200 1231 "https://www.guiduchoix24.com/" "Mozilla/5.0 (compatible; Dataprovider.com)"
guiduchoix24.com:443 51.91.219.193 - - [28/Mar/2021:10:10:56 +0200] "GET /assets/bootstrap/js/bootstrap.min.js HTTP/1.0" 200 58793 "https://www.guiduchoix24.com/" "Mozilla/5.0 (compatible; Dataprovider.com)"
guiduchoix24.com:443 51.91.219.193 - - [28/Mar/2021:10:10:56 +0200] "GET /assets/bootstrap/css/bootstrap.min.css HTTP/1.0" 200 156815 "https://www.guiduchoix24.com/" "Mozilla/5.0 (compatible; Dataprovider.com)"
guiduchoix24.com:443 51.91.219.193 - - [28/Mar/2021:10:10:56 +0200] "GET //assets/image/drapeau_maroc.png HTTP/1.0" 200 38783 "https://www.guiduchoix24.com/" "Mozilla/5.0 (compatible; Dataprovider.com)"
guiduchoix24.com:443 51.91.219.193 - - [28/Mar/2021:10:10:56 +0200] "GET //assets/image/drapeau_maurice.jpg HTTP/1.0" 200 25149 "https://www.guiduchoix24.com/" "Mozilla/5.0 (compatible; Dataprovider.com)"
guiduchoix24.com:443 51.91.219.193 - - [28/Mar/2021:10:10:56 +0200] "GET /assets/image/gdc24_logo_web.png HTTP/1.0" 200 7627 "https://www.guiduchoix24.com/" "Mozilla/5.0 (compatible; Dataprovider.com)"
guiduchoix24.com:443 51.91.219.193 - - [28/Mar/2021:10:10:56 +0200] "GET /assets/image/parrain.png HTTP/1.0" 200 8882 "https://www.guiduchoix24.com/" "Mozilla/5.0 (compatible; Dataprovider.com)"
guiduchoix24.com:443 51.91.219.193 - - [28/Mar/2021:10:10:56 +0200] "GET /assets/image/img.png HTTP/1.0" 200 63566 "https://www.guiduchoix24.com/" "Mozilla/5.0 (compatible; Dataprovider.com)"
guiduchoix24.com:443 51.91.219.193 - - [28/Mar/2021:10:10:56 +0200] "GET /assets/image/ani3.png HTTP/1.0" 200 93810 "https://www.guiduchoix24.com/" "Mozilla/5.0 (compatible; Dataprovider.com)"
guiduchoix24.com:443 51.91.219.193 - - [28/Mar/2021:10:10:56 +0200] "GET /assets/image/gdc24_logo.png HTTP/1.0" 200 7963 "https://www.guiduchoix24.com/" "Mozilla/5.0 (compatible; Dataprovider.com)"
guiduchoix24.com:443 51.91.219.193 - - [28/Mar/2021:10:10:56 +0200] "GET /assets/image/img4.png HTTP/1.0" 200 45752 "https://www.guiduchoix24.com/" "Mozilla/5.0 (compatible; Dataprovider.com)"
guiduchoix24.com:443 51.91.219.193 - - [28/Mar/2021:10:10:56 +0200] "GET /assets/image/entreprise26_dimension.png HTTP/1.0" 200 125025 "https://www.guiduchoix24.com/" "Mozilla/5.0 (compatible; Dataprovider.com)"
guiduchoix24.com:443 51.91.219.193 - - [28/Mar/2021:10:10:56 +0200] "GET /assets/image/sport.png HTTP/1.0" 200 78235 "https://www.guiduchoix24.com/" "Mozilla/5.0 (compatible; Dataprovider.com)"
guiduchoix24.com:443 51.91.219.193 - - [28/Mar/2021:10:10:56 +0200] "GET /assets/image/img2.png HTTP/1.0" 200 264134 "https://www.guiduchoix24.com/" "Mozilla/5.0 (compatible; Dataprovider.com)"
guiduchoix24.com:443 51.91.219.193 - - [28/Mar/2021:10:10:56 +0200] "GET //assets/image/drapeau_mayotte.jpg HTTP/1.0" 200 4918 "https://www.guiduchoix24.com/" "Mozilla/5.0 (compatible; Dataprovider.com)"
guiduchoix24.com:443 51.91.219.193 - - [28/Mar/2021:10:10:56 +0200] "GET /assets/image/img6.png HTTP/1.0" 200 70454 "https://www.guiduchoix24.com/" "Mozilla/5.0 (compatible; Dataprovider.com)"
guiduchoix24.com:443 51.91.219.193 - - [28/Mar/2021:10:10:56 +0200] "GET //assets/image/parrain.png HTTP/1.0" 200 8882 "https://www.guiduchoix24.com/" "Mozilla/5.0 (compatible; Dataprovider.com)"
guiduchoix24.com:443 51.91.219.193 - - [28/Mar/2021:10:10:56 +0200] "GET /assets/image/img3.png HTTP/1.0" 200 48030 "https://www.guiduchoix24.com/" "Mozilla/5.0 (compatible; Dataprovider.com)"
guiduchoix24.com:443 51.91.219.193 - - [28/Mar/2021:10:10:56 +0200] "GET /assets/image/img5.png HTTP/1.0" 200 63627 "https://www.guiduchoix24.com/" "Mozilla/5.0 (compatible; Dataprovider.com)"
guiduchoix24.com:443 51.91.219.193 - - [28/Mar/2021:10:10:56 +0200] "GET /assets/image/new_affiche_dimension.png HTTP/1.0" 200 74115 "https://www.guiduchoix24.com/" "Mozilla/5.0 (compatible; Dataprovider.com)"
guiduchoix24.com:443 51.91.219.193 - - [28/Mar/2021:10:10:56 +0200] "GET /assets/image/slogan2.png HTTP/1.0" 200 1782787 "https://www.guiduchoix24.com/" "Mozilla/5.0 (compatible; Dataprovider.com)"
guiduchoix24.com:443 51.91.219.193 - - [28/Mar/2021:10:10:56 +0200] "GET /assets/image/slogan1.png HTTP/1.0" 200 1717509 "https://www.guiduchoix24.com/" "Mozilla/5.0 (compatible; Dataprovider.com)"
guiduchoix24.com:443 51.91.219.193 - - [28/Mar/2021:10:10:56 +0200] "GET /assets/image/baniere.png HTTP/1.0" 200 3180433 "https://guiduchoix24.com/assets/css/custom.css" "Mozilla/5.0 (compatible; Dataprovider.com)"
guiduchoix24.com:443 51.91.219.193 - - [28/Mar/2021:10:10:56 +0200] "GET //assets/image/informaniak2.png HTTP/1.0" 200 1892 "https://www.guiduchoix24.com/" "Mozilla/5.0 (compatible; Dataprovider.com)"
guiduchoix24.com:443 51.91.219.193 - - [28/Mar/2021:10:10:56 +0200] "GET //assets/image/informaniak21.png HTTP/1.0" 200 1892 "https://www.guiduchoix24.com/" "Mozilla/5.0 (compatible; Dataprovider.com)"
guiduchoix24.com:443 51.91.219.193 - - [28/Mar/2021:10:10:56 +0200] "GET //assets/image/hostedbyinformaniak6.png HTTP/1.0" 200 1192 "https://www.guiduchoix24.com/" "Mozilla/5.0 (compatible; Dataprovider.com)"
guiduchoix24.com:443 51.91.219.193 - - [28/Mar/2021:10:10:56 +0200] "GET /assets/image/image.png HTTP/1.0" 200 118757 "https://www.guiduchoix24.com/" "Mozilla/5.0 (compatible; Dataprovider.com)"
guiduchoix24.com:443 51.91.219.193 - - [28/Mar/2021:10:10:57 +0200] "GET /assets/image/expedis1.png HTTP/1.0" 200 1697758 "https://www.guiduchoix24.com/" "Mozilla/5.0 (compatible; Dataprovider.com)"
guiduchoix24.com:443 51.91.219.193 - - [28/Mar/2021:10:10:57 +0200] "GET /assets/image/slogan4.png HTTP/1.0" 200 1716245 "https://www.guiduchoix24.com/" "Mozilla/5.0 (compatible; Dataprovider.com)"
guiduchoix24.com:443 51.91.219.193 - - [28/Mar/2021:10:10:57 +0200] "GET /assets/image/slogan3.png HTTP/1.0" 200 1757564 "https://www.guiduchoix24.com/" "Mozilla/5.0 (compatible; Dataprovider.com)"
guiduchoix24.com:443 51.91.219.193 - - [28/Mar/2021:10:10:57 +0200] "GET /assets/image/slogan6.png HTTP/1.0" 200 1753343 "https://www.guiduchoix24.com/" "Mozilla/5.0 (compatible; Dataprovider.com)"
guiduchoix24.com:443 51.91.219.193 - - [28/Mar/2021:10:10:57 +0200] "GET /assets/image/expedis2.png HTTP/1.0" 200 1720874 "https://www.guiduchoix24.com/" "Mozilla/5.0 (compatible; Dataprovider.com)"
guiduchoix24.com:443 51.91.219.193 - - [28/Mar/2021:10:10:57 +0200] "GET /assets/image/slogan5.png HTTP/1.0" 200 1731258 "https://www.guiduchoix24.com/" "Mozilla/5.0 (compatible; Dataprovider.com)"
guiduchoix24.com:443 66.249.64.206 - - [28/Mar/2021:10:41:55 +0200] "GET /img/sudcom/entete.jpg HTTP/1.0" 404 1552 "-" "Googlebot-Image/1.0"
guiduchoix24.com:443 13.66.139.57 - - [28/Mar/2021:10:56:23 +0200] "GET /pages/francais/mada/homeopathie-2.php HTTP/1.0" 404 1552 "-" "Mozilla/5.0 (compatible; bingbot/2.0; +http://www.bing.com/bingbot.htm)"
guiduchoix24.com:443 66.249.64.206 - - [28/Mar/2021:13:51:19 +0200] "GET /robots.txt HTTP/1.0" 404 1552 "-" "Mozilla/5.0 (compatible; Googlebot/2.1; +http://www.google.com/bot.html)"
guiduchoix24.com:443 66.249.64.208 - - [28/Mar/2021:13:51:20 +0200] "GET /pages/francais/mada/item21 HTTP/1.0" 404 1552 "-" "Mozilla/5.0 (compatible; Googlebot/2.1; +http://www.google.com/bot.html)"
guiduchoix24.com:443 54.201.48.103 - - [28/Mar/2021:14:05:12 +0200] "GET / HTTP/1.0" 200 43615 "-" "Mozilla/5.0 (X11; Linux x86_64) AppleWebKit/537.36 (KHTML, like Gecko) Chrome/83.0.4103.97 Safari/537.36"
guiduchoix24.com:443 34.211.82.188 - - [28/Mar/2021:14:05:15 +0200] "GET / HTTP/1.0" 200 43615 "-" "Mozilla/5.0 (X11; Linux x86_64) AppleWebKit/537.36 (KHTML, like Gecko) Chrome/83.0.4103.97 Safari/537.36"
guiduchoix24.com:443 66.249.70.70 - - [28/Mar/2021:14:36:32 +0200] "GET /robots.txt HTTP/1.0" 404 1552 "-" "Mozilla/5.0 (compatible; Googlebot/2.1; +http://www.google.com/bot.html)"
guiduchoix24.com:443 66.249.70.70 - - [28/Mar/2021:14:36:32 +0200] "GET /favicon.ico HTTP/1.0" 404 1552 "-" "Googlebot-Image/1.0"
guiduchoix24.com:443 66.249.70.50 - - [28/Mar/2021:15:01:29 +0200] "GET /robots.txt HTTP/1.0" 404 1552 "-" "Mozilla/5.0 (compatible; Googlebot/2.1; +http://www.google.com/bot.html)"
guiduchoix24.com:443 66.249.70.48 - - [28/Mar/2021:15:01:29 +0200] "GET /index.php/Rubrique_Controller/listerubriques/1 HTTP/1.0" 200 37443 "-" "Mozilla/5.0 (Linux; Android 6.0.1; Nexus 5X Build/MMB29P) AppleWebKit/537.36 (KHTML, like Gecko) Chrome/89.0.4389.102 Mobile Safari/537.36 (compatible; Googlebot/2.1; +http://www.google.com/bot.html)"
guiduchoix24.com:443 66.249.64.210 - - [28/Mar/2021:15:33:22 +0200] "GET /index HTTP/1.0" 404 1552 "-" "Mozilla/5.0 (compatible; Googlebot/2.1; +http://www.google.com/bot.html)"
guiduchoix24.com:443 66.249.64.208 - - [28/Mar/2021:15:40:31 +0200] "GET /index.php/Commune_Controller/liste/1 HTTP/1.0" 200 15283 "-" "Mozilla/5.0 (Linux; Android 6.0.1; Nexus 5X Build/MMB29P) AppleWebKit/537.36 (KHTML, like Gecko) Chrome/89.0.4389.102 Mobile Safari/537.36 (compatible; Googlebot/2.1; +http://www.google.com/bot.html)"
guiduchoix24.com:443 58.53.128.148 - - [28/Mar/2021:15:56:08 +0200] "GET / HTTP/1.0" 200 43615 "http://www.guiduchoix24.com" "GRequests/0.10"
guiduchoix24.com:443 40.77.167.89 - - [28/Mar/2021:17:04:40 +0200] "GET /robots.txt HTTP/1.0" 404 1552 "-" "Mozilla/5.0 (compatible; bingbot/2.0; +http://www.bing.com/bingbot.htm)"
guiduchoix24.com:443 40.77.167.88 - - [28/Mar/2021:17:04:41 +0200] "GET /robots.txt HTTP/1.0" 404 1552 "-" "Mozilla/5.0 (compatible; bingbot/2.0; +http://www.bing.com/bingbot.htm)"
guiduchoix24.com:443 157.55.39.91 - - [28/Mar/2021:17:05:02 +0200] "GET /pages/francais/mada/guidutalent.php HTTP/1.0" 404 1552 "-" "Mozilla/5.0 (compatible; bingbot/2.0; +http://www.bing.com/bingbot.htm)"
guiduchoix24.com:443 35.229.73.121 - - [28/Mar/2021:17:43:09 +0200] "GET /robots.txt HTTP/1.0" 404 1552 "-" "ZoominfoBot (zoominfobot at zoominfo dot com)"
guiduchoix24.com:443 35.229.73.121 - - [28/Mar/2021:17:43:09 +0200] "GET /index.php/Rubrique_Controller/listerubriques/2 HTTP/1.0" 200 35086 "-" "ZoominfoBot (zoominfobot at zoominfo dot com)"
guiduchoix24.com:443 35.229.73.121 - - [28/Mar/2021:17:44:32 +0200] "GET /index.php/Rubrique_Controller/listerubriques/4 HTTP/1.0" 200 35244 "-" "ZoominfoBot (zoominfobot at zoominfo dot com)"
guiduchoix24.com:443 35.229.73.121 - - [28/Mar/2021:17:45:48 +0200] "GET /index.php/Rubrique_Controller/listerubriques/6 HTTP/1.0" 200 34974 "-" "ZoominfoBot (zoominfobot at zoominfo dot com)"
guiduchoix24.com:443 35.229.73.121 - - [28/Mar/2021:17:48:30 +0200] "GET /index.php/Pays_Controller/pays HTTP/1.0" 200 38210 "-" "ZoominfoBot (zoominfobot at zoominfo dot com)"
guiduchoix24.com:443 35.229.73.121 - - [28/Mar/2021:17:54:02 +0200] "GET /index.php/Accueil_Controller/contact HTTP/1.0" 200 10771 "-" "ZoominfoBot (zoominfobot at zoominfo dot com)"
guiduchoix24.com:443 35.229.73.121 - - [28/Mar/2021:18:19:49 +0200] "GET /index.php/Rubrique_Controller/listerubriques/1 HTTP/1.0" 200 39295 "-" "ZoominfoBot (zoominfobot at zoominfo dot com)"
guiduchoix24.com:443 35.229.73.121 - - [28/Mar/2021:18:20:53 +0200] "GET /index.php/Rubrique_Controller/listerubriques/3 HTTP/1.0" 200 35057 "-" "ZoominfoBot (zoominfobot at zoominfo dot com)"
guiduchoix24.com:443 35.229.73.121 - - [28/Mar/2021:18:22:10 +0200] "GET /index.php/Rubrique_Controller/listerubriques/5 HTTP/1.0" 200 34701 "-" "ZoominfoBot (zoominfobot at zoominfo dot com)"
guiduchoix24.com:443 35.229.73.121 - - [28/Mar/2021:18:24:50 +0200] "GET /index.php/Accueil_Controller/inscription HTTP/1.0" 200 14496 "-" "ZoominfoBot (zoominfobot at zoominfo dot com)"
guiduchoix24.com:443 35.229.73.121 - - [28/Mar/2021:18:27:02 +0200] "GET /index.php/Accueil_Controller/equipe/1 HTTP/1.0" 200 16037 "-" "ZoominfoBot (zoominfobot at zoominfo dot com)"
guiduchoix24.com:443 35.229.73.121 - - [28/Mar/2021:18:37:57 +0200] "GET /index.php/Accueil_Controller/ HTTP/1.0" 200 43715 "-" "ZoominfoBot (zoominfobot at zoominfo dot com)"
guiduchoix24.com:443 35.229.73.121 - - [28/Mar/2021:18:40:05 +0200] "GET /index.php/Apropos_Controller/about/1 HTTP/1.0" 200 21973 "-" "ZoominfoBot (zoominfobot at zoominfo dot com)"
guiduchoix24.com:443 35.229.73.121 - - [28/Mar/2021:18:42:30 +0200] "GET /index.php/Parrain_Controller/parrains HTTP/1.0" 200 11831 "-" "ZoominfoBot (zoominfobot at zoominfo dot com)"
guiduchoix24.com:443 40.77.167.89 - - [28/Mar/2021:19:19:14 +0200] "GET /robots.txt HTTP/1.0" 404 1552 "-" "Mozilla/5.0 (compatible; bingbot/2.0; +http://www.bing.com/bingbot.htm)"
guiduchoix24.com:443 40.77.167.89 - - [28/Mar/2021:19:19:15 +0200] "GET /robots.txt HTTP/1.0" 404 1552 "-" "Mozilla/5.0 (compatible; bingbot/2.0; +http://www.bing.com/bingbot.htm)"
guiduchoix24.com:443 13.66.139.106 - - [28/Mar/2021:19:19:23 +0200] "GET /index.php/Rubrique_Controller/listerubriques/4 HTTP/1.0" 200 35372 "-" "Mozilla/5.0 (compatible; bingbot/2.0; +http://www.bing.com/bingbot.htm)"
guiduchoix24.com:443 40.77.167.89 - - [28/Mar/2021:20:08:49 +0200] "GET /robots.txt HTTP/1.0" 404 1552 "-" "Mozilla/5.0 (compatible; bingbot/2.0; +http://www.bing.com/bingbot.htm)"
guiduchoix24.com:443 40.77.167.89 - - [28/Mar/2021:20:08:49 +0200] "GET /robots.txt HTTP/1.0" 404 1552 "-" "Mozilla/5.0 (compatible; bingbot/2.0; +http://www.bing.com/bingbot.htm)"
guiduchoix24.com:443 13.66.139.107 - - [28/Mar/2021:20:09:04 +0200] "GET /pages/francais/mada/automobileinfo.php HTTP/1.0" 404 1552 "-" "Mozilla/5.0 (compatible; bingbot/2.0; +http://www.bing.com/bingbot.htm)"
guiduchoix24.com:443 66.249.70.50 - - [28/Mar/2021:20:28:42 +0200] "GET /index.php/Accueil_Controller/contact HTTP/1.0" 200 10771 "-" "Mozilla/5.0 (Linux; Android 6.0.1; Nexus 5X Build/MMB29P) AppleWebKit/537.36 (KHTML, like Gecko) Chrome/89.0.4389.102 Mobile Safari/537.36 (compatible; Googlebot/2.1; +http://www.google.com/bot.html)"
guiduchoix24.com:443 13.66.139.107 - - [28/Mar/2021:20:37:12 +0200] "GET /pages/francais/mada/item21.php HTTP/1.0" 404 1552 "-" "Mozilla/5.0 (compatible; bingbot/2.0; +http://www.bing.com/bingbot.htm)"
guiduchoix24.com:443 66.249.64.210 - - [28/Mar/2021:20:53:45 +0200] "GET /index.php/Commune_Controller/liste/1 HTTP/1.0" 200 15283 "-" "Mozilla/5.0 (compatible; Googlebot/2.1; +http://www.google.com/bot.html)"
guiduchoix24.com:443 66.249.70.50 - - [28/Mar/2021:22:30:51 +0200] "GET /index.php/Accueil_Controller/inscription HTTP/1.0" 200 16476 "-" "Mozilla/5.0 (Linux; Android 6.0.1; Nexus 5X Build/MMB29P) AppleWebKit/537.36 (KHTML, like Gecko) Chrome/89.0.4389.102 Mobile Safari/537.36 (compatible; Googlebot/2.1; +http://www.google.com/bot.html)"
guiduchoix24.com:443 13.66.139.107 - - [28/Mar/2021:22:47:31 +0200] "GET /pages/francais/mada/guidutalent.php HTTP/1.0" 404 1552 "-" "Mozilla/5.0 (compatible; bingbot/2.0; +http://www.bing.com/bingbot.htm)"
guiduchoix24.com:443 23.228.109.147 - - [28/Mar/2021:22:54:12 +0200] "GET /admin/assets/jquery-file-upload/server/php/index.php?file=tf2rghf.jpg HTTP/1.0" 404 3404 "http://www.google.com/" "Mozilla/5.0 (Windows NT 6.1; Win64; x64) AppleWebKit/537.36 (KHTML, like Gecko) Chrome/56.0.2896.3 Safari/537.36"
guiduchoix24.com:443 23.228.109.147 - - [28/Mar/2021:22:54:12 +0200] "GET /admin/assets/plugins/jquery-file-upload/server/php/index.php?file=tf2rghf.jpg HTTP/1.0" 404 1552 "http://www.google.com/" "Mozilla/5.0 (Windows NT 6.1; Win64; x64) AppleWebKit/537.36 (KHTML, like Gecko) Chrome/56.0.2896.3 Safari/537.36"
guiduchoix24.com:443 114.119.158.112 - - [28/Mar/2021:23:07:05 +0200] "GET /robots.txt HTTP/1.0" 510 1612 "-" "(compatible;PetalBot;+https://aspiegel.com/petalbot)"
guiduchoix24.com:443 114.119.143.124 - - [28/Mar/2021:23:09:06 +0200] "GET /robots.txt HTTP/1.0" 510 1612 "-" "(compatible;PetalBot;+https://aspiegel.com/petalbot)"
guiduchoix24.com:443 66.249.64.208 - - [29/Mar/2021:00:03:34 +0200] "GET / HTTP/1.0" 200 43615 "-" "Mozilla/5.0 (compatible; Googlebot/2.1; +http://www.google.com/bot.html)"
guiduchoix24.com:443 40.77.167.94 - - [29/Mar/2021:00:28:38 +0200] "GET /robots.txt HTTP/1.0" 404 1552 "-" "Mozilla/5.0 (compatible; bingbot/2.0; +http://www.bing.com/bingbot.htm)"
guiduchoix24.com:443 135.148.40.72 - - [29/Mar/2021:00:43:25 +0200] "GET /wp-login.php HTTP/1.0" 404 1552 "http://guiduchoix24.com/wp-login.php" "Mozilla/5.0 (X11; Ubuntu; Linux x86_64; rv:62.0) Gecko/20100101 Firefox/62.0"
guiduchoix24.com:443 193.238.171.212 - - [29/Mar/2021:00:43:30 +0200] "GET /wp-login.php HTTP/1.0" 404 1552 "http://guiduchoix24.com/wp-login.php" "Mozilla/5.0 (X11; Ubuntu; Linux x86_64; rv:62.0) Gecko/20100101 Firefox/62.0"
guiduchoix24.com:443 114.119.166.88 - - [29/Mar/2021:01:02:04 +0200] "GET /robots.txt HTTP/1.0" 510 1618 "-" "(compatible;PetalBot;+https://aspiegel.com/petalbot)"
guiduchoix24.com:443 13.66.139.57 - - [29/Mar/2021:01:18:56 +0200] "GET /pages/francais/mada/item22.php HTTP/1.0" 404 3404 "-" "Mozilla/5.0 (compatible; bingbot/2.0; +http://www.bing.com/bingbot.htm)"
guiduchoix24.com:443 66.249.64.206 - - [29/Mar/2021:01:22:24 +0200] "GET /index.php/Parrain_Controller/parrains HTTP/1.0" 200 11959 "-" "Mozilla/5.0 (Linux; Android 6.0.1; Nexus 5X Build/MMB29P) AppleWebKit/537.36 (KHTML, like Gecko) Chrome/89.0.4389.108 Mobile Safari/537.36 (compatible; Googlebot/2.1; +http://www.google.com/bot.html)"
guiduchoix24.com:443 13.66.139.38 - - [29/Mar/2021:02:33:16 +0200] "GET /pages/francais/mada/mguide.php HTTP/1.0" 404 1552 "-" "Mozilla/5.0 (compatible; bingbot/2.0; +http://www.bing.com/bingbot.htm)"
guiduchoix24.com:443 66.249.64.208 - - [29/Mar/2021:02:36:06 +0200] "GET /robots.txt HTTP/1.0" 404 1552 "-" "Mozilla/5.0 (compatible; Googlebot/2.1; +http://www.google.com/bot.html)"
guiduchoix24.com:443 66.249.64.208 - - [29/Mar/2021:02:36:07 +0200] "GET /pages/francais/mada/sudcommunaute/baba.php HTTP/1.0" 404 1552 "-" "Mozilla/5.0 (Linux; Android 6.0.1; Nexus 5X Build/MMB29P) AppleWebKit/537.36 (KHTML, like Gecko) Chrome/89.0.4389.102 Mobile Safari/537.36 (compatible; Googlebot/2.1; +http://www.google.com/bot.html)"
guiduchoix24.com:443 114.119.147.204 - - [29/Mar/2021:02:47:19 +0200] "GET /robots.txt HTTP/1.0" 510 1620 "-" "(compatible;PetalBot;+https://aspiegel.com/petalbot)"
guiduchoix24.com:443 64.250.34.47 - - [29/Mar/2021:03:09:34 +0200] "GET /backup/wp-admin/ HTTP/1.0" 404 1552 "http://guiduchoix24.com/" "Mozilla/5.0 (Windows NT 10.0; Win64; x64) AppleWebKit/537.36 (KHTML, like Gecko) Chrome/78.0.3904.97 Safari/537.36"
guiduchoix24.com:443 13.66.139.106 - - [29/Mar/2021:03:42:11 +0200] "GET /index.php/Rubrique_Controller/detail/1 HTTP/1.0" 302 2498 "-" "Mozilla/5.0 (compatible; bingbot/2.0; +http://www.bing.com/bingbot.htm)"
guiduchoix24.com:443 13.66.139.38 - - [29/Mar/2021:03:58:55 +0200] "GET /pages/francais/mada/comune.php HTTP/1.0" 404 1552 "-" "Mozilla/5.0 (compatible; bingbot/2.0; +http://www.bing.com/bingbot.htm)"
guiduchoix24.com:443 13.66.139.57 - - [29/Mar/2021:04:06:51 +0200] "GET /pages/francais/mada/item26.php HTTP/1.0" 404 1552 "-" "Mozilla/5.0 (compatible; bingbot/2.0; +http://www.bing.com/bingbot.htm)"
guiduchoix24.com:443 66.249.64.208 - - [29/Mar/2021:04:52:24 +0200] "GET /index.php/Accueil_Controller/inscription HTTP/1.0" 200 14624 "-" "Mozilla/5.0 (Linux; Android 6.0.1; Nexus 5X Build/MMB29P) AppleWebKit/537.36 (KHTML, like Gecko) Chrome/89.0.4389.108 Mobile Safari/537.36 (compatible; Googlebot/2.1; +http://www.google.com/bot.html)"
guiduchoix24.com:443 13.66.139.38 - - [29/Mar/2021:05:50:15 +0200] "GET /index.php/Parrain_Controller/nationaux HTTP/1.0" 302 646 "-" "Mozilla/5.0 (compatible; bingbot/2.0; +http://www.bing.com/bingbot.htm)"
guiduchoix24.com:443 157.55.39.93 - - [29/Mar/2021:07:18:02 +0200] "GET /index.php/Rubrique_Controller/listerubriques/4 HTTP/1.0" 200 37224 "-" "Mozilla/5.0 (compatible; bingbot/2.0; +http://www.bing.com/bingbot.htm)"
guiduchoix24.com:443 157.55.39.94 - - [29/Mar/2021:07:18:09 +0200] "GET /robots.txt HTTP/1.0" 404 1552 "-" "Mozilla/5.0 (compatible; bingbot/2.0; +http://www.bing.com/bingbot.htm)"
guiduchoix24.com:443 157.55.39.94 - - [29/Mar/2021:07:18:10 +0200] "GET /robots.txt HTTP/1.0" 404 1552 "-" "Mozilla/5.0 (compatible; bingbot/2.0; +http://www.bing.com/bingbot.htm)"
guiduchoix24.com:443 157.55.39.233 - - [29/Mar/2021:07:18:14 +0200] "GET /assets/bootstrap/js/bootstrap.min.js HTTP/1.0" 200 58793 "-" "Mozilla/5.0 (compatible; bingbot/2.0; +http://www.bing.com/bingbot.htm)"
guiduchoix24.com:443 157.55.39.233 - - [29/Mar/2021:07:18:15 +0200] "GET /assets/css/custom.css HTTP/1.0" 200 78041 "-" "Mozilla/5.0 (compatible; bingbot/2.0; +http://www.bing.com/bingbot.htm)"
guiduchoix24.com:443 157.55.39.98 - - [29/Mar/2021:07:18:19 +0200] "GET /assets/js/caroussel.js HTTP/1.0" 200 1231 "-" "Mozilla/5.0 (compatible; bingbot/2.0; +http://www.bing.com/bingbot.htm)"
guiduchoix24.com:443 157.55.39.94 - - [29/Mar/2021:07:18:29 +0200] "GET /robots.txt HTTP/1.0" 404 1552 "-" "Mozilla/5.0 (compatible; bingbot/2.0; +http://www.bing.com/bingbot.htm)"
guiduchoix24.com:443 157.55.39.94 - - [29/Mar/2021:07:18:30 +0200] "GET /robots.txt HTTP/1.0" 404 1552 "-" "Mozilla/5.0 (compatible; bingbot/2.0; +http://www.bing.com/bingbot.htm)"
guiduchoix24.com:443 157.55.39.94 - - [29/Mar/2021:07:18:30 +0200] "GET /assets/animation/animate.css HTTP/1.0" 200 82325 "-" "Mozilla/5.0 (compatible; bingbot/2.0; +http://www.bing.com/bingbot.htm)"
guiduchoix24.com:443 157.55.39.137 - - [29/Mar/2021:07:18:34 +0200] "GET /assets/bootstrap/css/bootstrap.min.css HTTP/1.0" 200 156815 "-" "Mozilla/5.0 (compatible; bingbot/2.0; +http://www.bing.com/bingbot.htm)"
guiduchoix24.com:443 207.46.13.56 - - [29/Mar/2021:07:18:40 +0200] "GET /assets/js/jquery.min.js HTTP/1.0" 200 88983 "-" "Mozilla/5.0 (compatible; bingbot/2.0; +http://www.bing.com/bingbot.htm)"
guiduchoix24.com:443 13.66.139.57 - - [29/Mar/2021:07:34:42 +0200] "GET /pages/francais/mada/carte_paiement_prepayee.php HTTP/1.0" 404 1552 "-" "Mozilla/5.0 (compatible; bingbot/2.0; +http://www.bing.com/bingbot.htm)"
guiduchoix24.com:443 40.77.188.15 - - [29/Mar/2021:07:49:14 +0200] "GET /assets/animation/animate.css HTTP/1.0" 200 82325 "-" "Mozilla/5.0 (Windows NT 6.1; WOW64) AppleWebKit/534+ (KHTML, like Gecko) BingPreview/1.0b"
guiduchoix24.com:443 110.137.132.4 - - [29/Mar/2021:08:55:53 +0200] "GET / HTTP/1.0" 200 8558 "https://www.bing.com/search?q=semalt.com" "Mozilla/5.0 (Windows NT 10.0; Win64; x64) AppleWebKit/537.36 (KHTML, like Gecko) Chrome/74.0.3729.169 Safari/537.36"
guiduchoix24.com:443 131.220.6.152 - - [29/Mar/2021:09:48:33 +0200] "GET / HTTP/1.0" 200 43615 "-" "Mozilla/5.0 (X11; Linux x86_64) AppleWebKit/537.36 (KHTML, like Gecko) Chrome/79.0.3945.79 Safari/537.36"
guiduchoix24.com:443 66.249.64.206 - - [29/Mar/2021:09:49:21 +0200] "GET / HTTP/1.0" 200 43615 "-" "Mozilla/5.0 (Linux; Android 6.0.1; Nexus 5X Build/MMB29P) AppleWebKit/537.36 (KHTML, like Gecko) Chrome/89.0.4389.102 Mobile Safari/537.36 (compatible; Googlebot/2.1; +http://www.google.com/bot.html)"
guiduchoix24.com:443 23.228.109.147 - - [29/Mar/2021:10:46:07 +0200] "GET /public/admin/assets/plugins/jquery-file-upload/server/php/index.php?file=tf2rghf.jpg HTTP/1.0" 404 1552 "http://www.google.com/" "Mozilla/5.0 (Windows NT 6.1; Win64; x64) AppleWebKit/537.36 (KHTML, like Gecko) Chrome/56.0.2896.3 Safari/537.36"
guiduchoix24.com:443 13.66.139.57 - - [29/Mar/2021:11:27:43 +0200] "GET /pages/francais/mada/business_essentiel.php HTTP/1.0" 404 1552 "-" "Mozilla/5.0 (compatible; bingbot/2.0; +http://www.bing.com/bingbot.htm)"
guiduchoix24.com:443 35.243.252.220 - - [29/Mar/2021:11:48:13 +0200] "GET /robots.txt HTTP/1.0" 404 1552 "-" "ZoominfoBot (zoominfobot at zoominfo dot com)"
guiduchoix24.com:443 35.243.252.220 - - [29/Mar/2021:11:48:14 +0200] "GET /robots.txt HTTP/1.0" 404 1552 "-" "ZoominfoBot (zoominfobot at zoominfo dot com)"
guiduchoix24.com:443 35.243.252.220 - - [29/Mar/2021:11:48:14 +0200] "GET / HTTP/1.0" 200 43615 "-" "ZoominfoBot (zoominfobot at zoominfo dot com)"
guiduchoix24.com:443 35.243.252.220 - - [29/Mar/2021:11:49:50 +0200] "GET /robots.txt HTTP/1.0" 404 1552 "-" "ZoominfoBot (zoominfobot at zoominfo dot com)"
guiduchoix24.com:443 35.243.252.220 - - [29/Mar/2021:11:49:51 +0200] "GET /robots.txt HTTP/1.0" 404 1552 "-" "ZoominfoBot (zoominfobot at zoominfo dot com)"
guiduchoix24.com:443 35.243.252.220 - - [29/Mar/2021:11:49:51 +0200] "GET / HTTP/1.0" 200 45467 "-" "ZoominfoBot (zoominfobot at zoominfo dot com)"
guiduchoix24.com:443 34.216.102.3 - - [29/Mar/2021:14:12:22 +0200] "GET / HTTP/1.0" 200 43615 "-" "Mozilla/5.0 (X11; Linux x86_64) AppleWebKit/537.36 (KHTML, like Gecko) Chrome/83.0.4103.97 Safari/537.36"
guiduchoix24.com:443 44.238.103.115 - - [29/Mar/2021:14:12:22 +0200] "GET / HTTP/1.0" 200 43615 "-" "Mozilla/5.0 (X11; Linux x86_64) AppleWebKit/537.36 (KHTML, like Gecko) Chrome/83.0.4103.97 Safari/537.36"
guiduchoix24.com:443 52.88.91.96 - - [29/Mar/2021:14:12:56 +0200] "GET /favicon.ico HTTP/1.0" 404 1552 "http://guiduchoix24.com/favicon.ico" "Go-http-client/1.1"
guiduchoix24.com:443 52.88.91.96 - - [29/Mar/2021:14:12:59 +0200] "GET / HTTP/1.0" 200 43615 "http://guiduchoix24.com" "Go-http-client/1.1"
guiduchoix24.com:443 34.221.230.62 - - [29/Mar/2021:14:13:01 +0200] "GET /favicon.ico HTTP/1.0" 404 1552 "-" "Go-http-client/1.1"
guiduchoix24.com:443 34.221.230.62 - - [29/Mar/2021:14:13:04 +0200] "GET / HTTP/1.0" 200 43615 "-" "Go-http-client/1.1"
guiduchoix24.com:443 66.249.70.68 - - [29/Mar/2021:14:13:16 +0200] "GET /robots.txt HTTP/1.0" 404 1552 "-" "Mozilla/5.0 (compatible; Googlebot/2.1; +http://www.google.com/bot.html)"
guiduchoix24.com:443 66.249.70.70 - - [29/Mar/2021:14:13:17 +0200] "GET / HTTP/1.0" 200 43615 "-" "Mozilla/5.0 (compatible; Googlebot/2.1; +http://www.google.com/bot.html)"
guiduchoix24.com:443 66.249.64.210 - - [29/Mar/2021:14:13:21 +0200] "GET /assets/bootstrap/js/bootstrap.min.js HTTP/1.0" 200 58793 "https://www.guiduchoix24.com/" "Mozilla/5.0 AppleWebKit/537.36 (KHTML, like Gecko; compatible; Googlebot/2.1; +http://www.google.com/bot.html) Chrome/89.0.4389.99 Safari/537.36"
guiduchoix24.com:443 13.66.139.57 - - [29/Mar/2021:14:18:59 +0200] "GET /pages/francais/mada/guide_marketing_testez_votre_idee.php HTTP/1.0" 404 1552 "-" "Mozilla/5.0 (compatible; bingbot/2.0; +http://www.bing.com/bingbot.htm)"
guiduchoix24.com:443 31.10.175.54 - - [29/Mar/2021:15:50:03 +0200] "GET / HTTP/1.0" 200 43615 "-" "Mozilla/5.0 (Linux; Android 10; Nokia 3.1) AppleWebKit/537.36 (KHTML, like Gecko) Chrome/89.0.4389.105 Mobile Safari/537.36"
guiduchoix24.com:443 31.10.175.54 - - [29/Mar/2021:15:50:03 +0200] "GET /assets/animation/animate.css HTTP/1.0" 200 82325 "https://guiduchoix24.com/" "Mozilla/5.0 (Linux; Android 10; Nokia 3.1) AppleWebKit/537.36 (KHTML, like Gecko) Chrome/89.0.4389.105 Mobile Safari/537.36"
guiduchoix24.com:443 31.10.175.54 - - [29/Mar/2021:15:50:03 +0200] "GET /assets/css/custom.css HTTP/1.0" 200 78041 "https://guiduchoix24.com/" "Mozilla/5.0 (Linux; Android 10; Nokia 3.1) AppleWebKit/537.36 (KHTML, like Gecko) Chrome/89.0.4389.105 Mobile Safari/537.36"
guiduchoix24.com:443 31.10.175.54 - - [29/Mar/2021:15:50:03 +0200] "GET /assets/bootstrap/css/bootstrap.min.css HTTP/1.0" 200 156815 "https://guiduchoix24.com/" "Mozilla/5.0 (Linux; Android 10; Nokia 3.1) AppleWebKit/537.36 (KHTML, like Gecko) Chrome/89.0.4389.105 Mobile Safari/537.36"
guiduchoix24.com:443 31.10.175.54 - - [29/Mar/2021:15:50:03 +0200] "GET //assets/image/drapeau_maroc.png HTTP/1.0" 200 38783 "https://guiduchoix24.com/" "Mozilla/5.0 (Linux; Android 10; Nokia 3.1) AppleWebKit/537.36 (KHTML, like Gecko) Chrome/89.0.4389.105 Mobile Safari/537.36"
guiduchoix24.com:443 31.10.175.54 - - [29/Mar/2021:15:50:03 +0200] "GET //assets/image/madagascar.png HTTP/1.0" 200 1397 "https://guiduchoix24.com/" "Mozilla/5.0 (Linux; Android 10; Nokia 3.1) AppleWebKit/537.36 (KHTML, like Gecko) Chrome/89.0.4389.105 Mobile Safari/537.36"
guiduchoix24.com:443 31.10.175.54 - - [29/Mar/2021:15:50:03 +0200] "GET //assets/image/drapeau_cameroun.png HTTP/1.0" 200 6427 "https://guiduchoix24.com/" "Mozilla/5.0 (Linux; Android 10; Nokia 3.1) AppleWebKit/537.36 (KHTML, like Gecko) Chrome/89.0.4389.105 Mobile Safari/537.36"
guiduchoix24.com:443 31.10.175.54 - - [29/Mar/2021:15:50:03 +0200] "GET //assets/image/drapeau_maurice.jpg HTTP/1.0" 200 25149 "https://guiduchoix24.com/" "Mozilla/5.0 (Linux; Android 10; Nokia 3.1) AppleWebKit/537.36 (KHTML, like Gecko) Chrome/89.0.4389.105 Mobile Safari/537.36"
guiduchoix24.com:443 31.10.175.54 - - [29/Mar/2021:15:50:03 +0200] "GET /assets/image/gdc24_logo_web.png HTTP/1.0" 200 7627 "https://guiduchoix24.com/" "Mozilla/5.0 (Linux; Android 10; Nokia 3.1) AppleWebKit/537.36 (KHTML, like Gecko) Chrome/89.0.4389.105 Mobile Safari/537.36"
guiduchoix24.com:443 31.10.175.54 - - [29/Mar/2021:15:50:03 +0200] "GET //assets/image/drapeau_comores.png HTTP/1.0" 200 119130 "https://guiduchoix24.com/" "Mozilla/5.0 (Linux; Android 10; Nokia 3.1) AppleWebKit/537.36 (KHTML, like Gecko) Chrome/89.0.4389.105 Mobile Safari/537.36"
guiduchoix24.com:443 31.10.175.54 - - [29/Mar/2021:15:50:03 +0200] "GET /assets/image/img.png HTTP/1.0" 200 63566 "https://guiduchoix24.com/" "Mozilla/5.0 (Linux; Android 10; Nokia 3.1) AppleWebKit/537.36 (KHTML, like Gecko) Chrome/89.0.4389.105 Mobile Safari/537.36"
guiduchoix24.com:443 31.10.175.54 - - [29/Mar/2021:15:50:03 +0200] "GET /assets/image/gdc24_logo.png HTTP/1.0" 200 7963 "https://guiduchoix24.com/" "Mozilla/5.0 (Linux; Android 10; Nokia 3.1) AppleWebKit/537.36 (KHTML, like Gecko) Chrome/89.0.4389.105 Mobile Safari/537.36"
guiduchoix24.com:443 31.10.175.54 - - [29/Mar/2021:15:50:03 +0200] "GET /assets/image/parrain.png HTTP/1.0" 200 8882 "https://guiduchoix24.com/" "Mozilla/5.0 (Linux; Android 10; Nokia 3.1) AppleWebKit/537.36 (KHTML, like Gecko) Chrome/89.0.4389.105 Mobile Safari/537.36"
guiduchoix24.com:443 31.10.175.54 - - [29/Mar/2021:15:50:03 +0200] "GET /assets/image/ani3.png HTTP/1.0" 200 93810 "https://guiduchoix24.com/" "Mozilla/5.0 (Linux; Android 10; Nokia 3.1) AppleWebKit/537.36 (KHTML, like Gecko) Chrome/89.0.4389.105 Mobile Safari/537.36"
guiduchoix24.com:443 31.10.175.54 - - [29/Mar/2021:15:50:03 +0200] "GET /assets/image/img2.png HTTP/1.0" 200 264134 "https://guiduchoix24.com/" "Mozilla/5.0 (Linux; Android 10; Nokia 3.1) AppleWebKit/537.36 (KHTML, like Gecko) Chrome/89.0.4389.105 Mobile Safari/537.36"
guiduchoix24.com:443 31.10.175.54 - - [29/Mar/2021:15:50:03 +0200] "GET /assets/image/sport.png HTTP/1.0" 200 78235 "https://guiduchoix24.com/" "Mozilla/5.0 (Linux; Android 10; Nokia 3.1) AppleWebKit/537.36 (KHTML, like Gecko) Chrome/89.0.4389.105 Mobile Safari/537.36"
guiduchoix24.com:443 31.10.175.54 - - [29/Mar/2021:15:50:03 +0200] "GET /assets/image/img5.png HTTP/1.0" 200 63627 "https://guiduchoix24.com/" "Mozilla/5.0 (Linux; Android 10; Nokia 3.1) AppleWebKit/537.36 (KHTML, like Gecko) Chrome/89.0.4389.105 Mobile Safari/537.36"
guiduchoix24.com:443 31.10.175.54 - - [29/Mar/2021:15:50:03 +0200] "GET /assets/image/img6.png HTTP/1.0" 200 70454 "https://guiduchoix24.com/" "Mozilla/5.0 (Linux; Android 10; Nokia 3.1) AppleWebKit/537.36 (KHTML, like Gecko) Chrome/89.0.4389.105 Mobile Safari/537.36"
guiduchoix24.com:443 31.10.175.54 - - [29/Mar/2021:15:50:03 +0200] "GET /assets/image/img3.png HTTP/1.0" 200 48030 "https://guiduchoix24.com/" "Mozilla/5.0 (Linux; Android 10; Nokia 3.1) AppleWebKit/537.36 (KHTML, like Gecko) Chrome/89.0.4389.105 Mobile Safari/537.36"
guiduchoix24.com:443 31.10.175.54 - - [29/Mar/2021:15:50:03 +0200] "GET /assets/image/image.png HTTP/1.0" 200 118757 "https://guiduchoix24.com/" "Mozilla/5.0 (Linux; Android 10; Nokia 3.1) AppleWebKit/537.36 (KHTML, like Gecko) Chrome/89.0.4389.105 Mobile Safari/537.36"
guiduchoix24.com:443 31.10.175.54 - - [29/Mar/2021:15:50:03 +0200] "GET /assets/image/new_affiche_dimension.png HTTP/1.0" 200 74115 "https://guiduchoix24.com/" "Mozilla/5.0 (Linux; Android 10; Nokia 3.1) AppleWebKit/537.36 (KHTML, like Gecko) Chrome/89.0.4389.105 Mobile Safari/537.36"
guiduchoix24.com:443 31.10.175.54 - - [29/Mar/2021:15:50:03 +0200] "GET /assets/js/jquery.min.js HTTP/1.0" 200 88983 "https://guiduchoix24.com/" "Mozilla/5.0 (Linux; Android 10; Nokia 3.1) AppleWebKit/537.36 (KHTML, like Gecko) Chrome/89.0.4389.105 Mobile Safari/537.36"
guiduchoix24.com:443 31.10.175.54 - - [29/Mar/2021:15:50:03 +0200] "GET /assets/image/slogan1.png HTTP/1.0" 200 1717509 "https://guiduchoix24.com/" "Mozilla/5.0 (Linux; Android 10; Nokia 3.1) AppleWebKit/537.36 (KHTML, like Gecko) Chrome/89.0.4389.105 Mobile Safari/537.36"
guiduchoix24.com:443 31.10.175.54 - - [29/Mar/2021:15:50:03 +0200] "GET /assets/image/img4.png HTTP/1.0" 200 45752 "https://guiduchoix24.com/" "Mozilla/5.0 (Linux; Android 10; Nokia 3.1) AppleWebKit/537.36 (KHTML, like Gecko) Chrome/89.0.4389.105 Mobile Safari/537.36"
guiduchoix24.com:443 31.10.175.54 - - [29/Mar/2021:15:50:03 +0200] "GET /assets/image/expedis1.png HTTP/1.0" 200 1697758 "https://guiduchoix24.com/" "Mozilla/5.0 (Linux; Android 10; Nokia 3.1) AppleWebKit/537.36 (KHTML, like Gecko) Chrome/89.0.4389.105 Mobile Safari/537.36"
guiduchoix24.com:443 31.10.175.54 - - [29/Mar/2021:15:50:03 +0200] "GET /assets/image/expedis2.png HTTP/1.0" 200 1720874 "https://guiduchoix24.com/" "Mozilla/5.0 (Linux; Android 10; Nokia 3.1) AppleWebKit/537.36 (KHTML, like Gecko) Chrome/89.0.4389.105 Mobile Safari/537.36"
guiduchoix24.com:443 31.10.175.54 - - [29/Mar/2021:15:50:03 +0200] "GET /assets/image/slogan6.png HTTP/1.0" 200 1753343 "https://guiduchoix24.com/" "Mozilla/5.0 (Linux; Android 10; Nokia 3.1) AppleWebKit/537.36 (KHTML, like Gecko) Chrome/89.0.4389.105 Mobile Safari/537.36"
guiduchoix24.com:443 31.10.175.54 - - [29/Mar/2021:15:50:03 +0200] "GET /assets/image/slogan2.png HTTP/1.0" 200 1782787 "https://guiduchoix24.com/" "Mozilla/5.0 (Linux; Android 10; Nokia 3.1) AppleWebKit/537.36 (KHTML, like Gecko) Chrome/89.0.4389.105 Mobile Safari/537.36"
guiduchoix24.com:443 31.10.175.54 - - [29/Mar/2021:15:50:03 +0200] "GET //assets/image/drapeau_mayotte.jpg HTTP/1.0" 200 4918 "https://guiduchoix24.com/" "Mozilla/5.0 (Linux; Android 10; Nokia 3.1) AppleWebKit/537.36 (KHTML, like Gecko) Chrome/89.0.4389.105 Mobile Safari/537.36"
guiduchoix24.com:443 31.10.175.54 - - [29/Mar/2021:15:50:03 +0200] "GET /assets/image/slogan3.png HTTP/1.0" 200 1757564 "https://guiduchoix24.com/" "Mozilla/5.0 (Linux; Android 10; Nokia 3.1) AppleWebKit/537.36 (KHTML, like Gecko) Chrome/89.0.4389.105 Mobile Safari/537.36"
guiduchoix24.com:443 31.10.175.54 - - [29/Mar/2021:15:50:03 +0200] "GET /assets/image/slogan4.png HTTP/1.0" 200 1716245 "https://guiduchoix24.com/" "Mozilla/5.0 (Linux; Android 10; Nokia 3.1) AppleWebKit/537.36 (KHTML, like Gecko) Chrome/89.0.4389.105 Mobile Safari/537.36"
guiduchoix24.com:443 31.10.175.54 - - [29/Mar/2021:15:50:03 +0200] "GET //assets/image/parrain.png HTTP/1.0" 200 8882 "https://guiduchoix24.com/" "Mozilla/5.0 (Linux; Android 10; Nokia 3.1) AppleWebKit/537.36 (KHTML, like Gecko) Chrome/89.0.4389.105 Mobile Safari/537.36"
guiduchoix24.com:443 31.10.175.54 - - [29/Mar/2021:15:50:03 +0200] "GET /assets/image/slogan7.png HTTP/1.0" 200 1723804 "https://guiduchoix24.com/" "Mozilla/5.0 (Linux; Android 10; Nokia 3.1) AppleWebKit/537.36 (KHTML, like Gecko) Chrome/89.0.4389.105 Mobile Safari/537.36"
guiduchoix24.com:443 31.10.175.54 - - [29/Mar/2021:15:50:03 +0200] "GET /assets/image/expedis3.png HTTP/1.0" 200 1712482 "https://guiduchoix24.com/" "Mozilla/5.0 (Linux; Android 10; Nokia 3.1) AppleWebKit/537.36 (KHTML, like Gecko) Chrome/89.0.4389.105 Mobile Safari/537.36"
guiduchoix24.com:443 31.10.175.54 - - [29/Mar/2021:15:50:03 +0200] "GET //assets/image/informaniak21.png HTTP/1.0" 200 1892 "https://guiduchoix24.com/" "Mozilla/5.0 (Linux; Android 10; Nokia 3.1) AppleWebKit/537.36 (KHTML, like Gecko) Chrome/89.0.4389.105 Mobile Safari/537.36"
guiduchoix24.com:443 31.10.175.54 - - [29/Mar/2021:15:50:03 +0200] "GET /assets/js/caroussel.js HTTP/1.0" 200 1231 "https://guiduchoix24.com/" "Mozilla/5.0 (Linux; Android 10; Nokia 3.1) AppleWebKit/537.36 (KHTML, like Gecko) Chrome/89.0.4389.105 Mobile Safari/537.36"
guiduchoix24.com:443 31.10.175.54 - - [29/Mar/2021:15:50:03 +0200] "GET //assets/image/informaniak2.png HTTP/1.0" 200 1892 "https://guiduchoix24.com/" "Mozilla/5.0 (Linux; Android 10; Nokia 3.1) AppleWebKit/537.36 (KHTML, like Gecko) Chrome/89.0.4389.105 Mobile Safari/537.36"
guiduchoix24.com:443 31.10.175.54 - - [29/Mar/2021:15:50:03 +0200] "GET //assets/image/hostedbyinformaniak6.png HTTP/1.0" 200 1192 "https://guiduchoix24.com/" "Mozilla/5.0 (Linux; Android 10; Nokia 3.1) AppleWebKit/537.36 (KHTML, like Gecko) Chrome/89.0.4389.105 Mobile Safari/537.36"
guiduchoix24.com:443 31.10.175.54 - - [29/Mar/2021:15:50:03 +0200] "GET /assets/image/entreprise26_dimension.png HTTP/1.0" 200 125025 "https://guiduchoix24.com/" "Mozilla/5.0 (Linux; Android 10; Nokia 3.1) AppleWebKit/537.36 (KHTML, like Gecko) Chrome/89.0.4389.105 Mobile Safari/537.36"
guiduchoix24.com:443 31.10.175.54 - - [29/Mar/2021:15:50:03 +0200] "GET /assets/image/slogan5.png HTTP/1.0" 200 1731258 "https://guiduchoix24.com/" "Mozilla/5.0 (Linux; Android 10; Nokia 3.1) AppleWebKit/537.36 (KHTML, like Gecko) Chrome/89.0.4389.105 Mobile Safari/537.36"
guiduchoix24.com:443 31.10.175.54 - - [29/Mar/2021:15:50:03 +0200] "GET /assets/bootstrap/js/bootstrap.min.js HTTP/1.0" 200 58793 "https://guiduchoix24.com/" "Mozilla/5.0 (Linux; Android 10; Nokia 3.1) AppleWebKit/537.36 (KHTML, like Gecko) Chrome/89.0.4389.105 Mobile Safari/537.36"
guiduchoix24.com:443 31.10.175.54 - - [29/Mar/2021:15:50:06 +0200] "GET /favicon.ico HTTP/1.0" 404 1552 "https://guiduchoix24.com/" "Mozilla/5.0 (Linux; Android 10; Nokia 3.1) AppleWebKit/537.36 (KHTML, like Gecko) Chrome/89.0.4389.105 Mobile Safari/537.36"
guiduchoix24.com:443 31.10.175.54 - - [29/Mar/2021:15:50:37 +0200] "GET / HTTP/1.0" 200 43487 "-" "Mozilla/5.0 (Linux; Android 10; Nokia 3.1) AppleWebKit/537.36 (KHTML, like Gecko) Chrome/89.0.4389.105 Mobile Safari/537.36"
guiduchoix24.com:443 13.66.139.38 - - [29/Mar/2021:16:35:16 +0200] "GET /pages/francais/mada/internet_choix_fournisseur.php HTTP/1.0" 404 1552 "-" "Mozilla/5.0 (compatible; bingbot/2.0; +http://www.bing.com/bingbot.htm)"
guiduchoix24.com:443 114.119.136.141 - - [29/Mar/2021:17:18:03 +0200] "GET /robots.txt HTTP/1.0" 510 3464 "-" "(compatible;PetalBot;+https://aspiegel.com/petalbot)"
guiduchoix24.com:443 114.119.152.47 - - [29/Mar/2021:17:20:03 +0200] "GET /robots.txt HTTP/1.0" 510 1610 "-" "(compatible;PetalBot;+https://aspiegel.com/petalbot)"
guiduchoix24.com:443 66.249.64.208 - - [29/Mar/2021:18:33:12 +0200] "GET /robots.txt HTTP/1.0" 404 3404 "-" "Mozilla/5.0 (compatible; Googlebot/2.1; +http://www.google.com/bot.html)"
guiduchoix24.com:443 66.249.64.206 - - [29/Mar/2021:18:33:13 +0200] "GET /index.php/Accueil_Controller/equipe/1 HTTP/1.0" 200 13251 "-" "Mozilla/5.0 (Linux; Android 6.0.1; Nexus 5X Build/MMB29P) AppleWebKit/537.36 (KHTML, like Gecko) Chrome/89.0.4389.102 Mobile Safari/537.36 (compatible; Googlebot/2.1; +http://www.google.com/bot.html)"
guiduchoix24.com:443 88.99.123.185 - - [29/Mar/2021:18:52:24 +0200] "GET / HTTP/1.0" 200 43615 "-" "page-preview-tool Mozilla/5.0 (Windows NT 10.0; Win64; x64) AppleWebKit/537.36 (KHTML, like Gecko) Chrome/80.0.3987.132 Safari/537.36"
guiduchoix24.com:443 66.249.64.208 - - [29/Mar/2021:19:05:58 +0200] "GET /index.php/Commune_Controller/detail/1/1 HTTP/1.0" 200 13093 "-" "Mozilla/5.0 (Linux; Android 6.0.1; Nexus 5X Build/MMB29P) AppleWebKit/537.36 (KHTML, like Gecko) Chrome/89.0.4389.102 Mobile Safari/537.36 (compatible; Googlebot/2.1; +http://www.google.com/bot.html)"
guiduchoix24.com:443 66.249.64.206 - - [29/Mar/2021:19:33:40 +0200] "GET /index.php/Commune_Controller/detail/1/1 HTTP/1.0" 200 14945 "-" "Mozilla/5.0 (compatible; Googlebot/2.1; +http://www.google.com/bot.html)"
guiduchoix24.com:443 34.74.252.229 - - [29/Mar/2021:20:39:58 +0200] "GET /robots.txt HTTP/1.0" 404 1552 "-" "ZoominfoBot (zoominfobot at zoominfo dot com)"
guiduchoix24.com:443 34.74.252.229 - - [29/Mar/2021:20:39:58 +0200] "GET /index.php/Rubrique_Controller/listerubriques/2 HTTP/1.0" 200 35086 "-" "ZoominfoBot (zoominfobot at zoominfo dot com)"
guiduchoix24.com:443 34.74.252.229 - - [29/Mar/2021:20:41:00 +0200] "GET /index.php/Rubrique_Controller/listerubriques/4 HTTP/1.0" 200 35244 "-" "ZoominfoBot (zoominfobot at zoominfo dot com)"
guiduchoix24.com:443 34.74.252.229 - - [29/Mar/2021:20:42:02 +0200] "GET /index.php/Rubrique_Controller/listerubriques/6 HTTP/1.0" 200 34974 "-" "ZoominfoBot (zoominfobot at zoominfo dot com)"
guiduchoix24.com:443 144.76.68.124 - - [29/Mar/2021:20:43:27 +0200] "GET / HTTP/1.0" 510 1608 "http://guiduchoix24.com" "serpstatbot/1.0 (advanced backlink tracking bot; curl/7.58.0; http://serpstatbot.com/; abuse@serpstatbot.com)"
guiduchoix24.com:443 34.74.252.229 - - [29/Mar/2021:20:43:59 +0200] "GET /index.php/Pays_Controller/pays HTTP/1.0" 200 38082 "-" "ZoominfoBot (zoominfobot at zoominfo dot com)"
guiduchoix24.com:443 34.74.252.229 - - [29/Mar/2021:20:48:18 +0200] "GET /index.php/Accueil_Controller/contact HTTP/1.0" 200 10771 "-" "ZoominfoBot (zoominfobot at zoominfo dot com)"
guiduchoix24.com:443 114.119.130.13 - - [29/Mar/2021:20:59:17 +0200] "GET /robots.txt HTTP/1.0" 510 1618 "-" "(compatible;PetalBot;+https://aspiegel.com/petalbot)"
guiduchoix24.com:443 13.66.139.107 - - [29/Mar/2021:21:06:32 +0200] "GET /pages/francais/mada/index.php HTTP/1.0" 404 1552 "-" "Mozilla/5.0 (compatible; bingbot/2.0; +http://www.bing.com/bingbot.htm)"
guiduchoix24.com:443 34.74.252.229 - - [29/Mar/2021:21:06:59 +0200] "GET /index.php/Rubrique_Controller/listerubriques/1 HTTP/1.0" 200 37443 "-" "ZoominfoBot (zoominfobot at zoominfo dot com)"
guiduchoix24.com:443 34.74.252.229 - - [29/Mar/2021:21:08:01 +0200] "GET /index.php/Rubrique_Controller/listerubriques/3 HTTP/1.0" 200 35057 "-" "ZoominfoBot (zoominfobot at zoominfo dot com)"
guiduchoix24.com:443 34.74.252.229 - - [29/Mar/2021:21:08:58 +0200] "GET /index.php/Rubrique_Controller/listerubriques/5 HTTP/1.0" 200 34701 "-" "ZoominfoBot (zoominfobot at zoominfo dot com)"
guiduchoix24.com:443 34.74.252.229 - - [29/Mar/2021:21:11:34 +0200] "GET /index.php/Accueil_Controller/inscription HTTP/1.0" 200 14496 "-" "ZoominfoBot (zoominfobot at zoominfo dot com)"
guiduchoix24.com:443 34.74.252.229 - - [29/Mar/2021:21:13:27 +0200] "GET /index.php/Accueil_Controller/equipe/1 HTTP/1.0" 200 14185 "-" "ZoominfoBot (zoominfobot at zoominfo dot com)"
guiduchoix24.com:443 34.74.252.229 - - [29/Mar/2021:21:22:15 +0200] "GET /index.php/Accueil_Controller/ HTTP/1.0" 200 43715 "-" "ZoominfoBot (zoominfobot at zoominfo dot com)"
guiduchoix24.com:443 34.74.252.229 - - [29/Mar/2021:21:24:05 +0200] "GET /index.php/Apropos_Controller/about/1 HTTP/1.0" 200 21973 "-" "ZoominfoBot (zoominfobot at zoominfo dot com)"
guiduchoix24.com:443 35.190.157.255 - - [29/Mar/2021:21:36:04 +0200] "GET /robots.txt HTTP/1.0" 404 1552 "-" "ZoominfoBot (zoominfobot at zoominfo dot com)"
guiduchoix24.com:443 35.190.157.255 - - [29/Mar/2021:21:36:05 +0200] "GET /index.php/Rubrique_Controller/listerubriques/2 HTTP/1.0" 200 35086 "-" "ZoominfoBot (zoominfobot at zoominfo dot com)"
guiduchoix24.com:443 35.190.157.255 - - [29/Mar/2021:21:37:06 +0200] "GET /index.php/Rubrique_Controller/listerubriques/4 HTTP/1.0" 200 35244 "-" "ZoominfoBot (zoominfobot at zoominfo dot com)"
guiduchoix24.com:443 35.190.157.255 - - [29/Mar/2021:21:38:13 +0200] "GET /index.php/Rubrique_Controller/listerubriques/6 HTTP/1.0" 200 34974 "-" "ZoominfoBot (zoominfobot at zoominfo dot com)"
guiduchoix24.com:443 35.190.157.255 - - [29/Mar/2021:21:40:34 +0200] "GET /index.php/Pays_Controller/pays HTTP/1.0" 200 38082 "-" "ZoominfoBot (zoominfobot at zoominfo dot com)"
guiduchoix24.com:443 35.190.157.255 - - [29/Mar/2021:21:45:31 +0200] "GET /index.php/Accueil_Controller/contact HTTP/1.0" 200 10771 "-" "ZoominfoBot (zoominfobot at zoominfo dot com)"
guiduchoix24.com:443 35.190.157.255 - - [29/Mar/2021:22:06:13 +0200] "GET /index.php/Rubrique_Controller/listerubriques/1 HTTP/1.0" 200 39295 "-" "ZoominfoBot (zoominfobot at zoominfo dot com)"
